Archive member included to satisfy reference by file (symbol)

c:/mounriver/mrs_community/toolchain/risc-v embedded gcc/bin/../lib/gcc/riscv-none-embed/8.2.0/rv32ec/ilp32e\libgcc.a(save-restore.o)
                              ./User/hw_spi/hw_spi.o (__riscv_save_2)
c:/mounriver/mrs_community/toolchain/risc-v embedded gcc/bin/../lib/gcc/riscv-none-embed/8.2.0/rv32ec/ilp32e\libgcc.a(muldi3.o)
                              ./User/ff/ff.o (__mulsi3)
c:/mounriver/mrs_community/toolchain/risc-v embedded gcc/bin/../lib/gcc/riscv-none-embed/8.2.0/rv32ec/ilp32e\libgcc.a(div.o)
                              ./User/main.o (__divsi3)
c:/mounriver/mrs_community/toolchain/risc-v embedded gcc/bin/../lib/gcc/riscv-none-embed/8.2.0/../../../../riscv-none-embed/lib/rv32ec/ilp32e\libg_nano.a(lib_a-memcmp.o)
                              ./User/ff/ff.o (memcmp)
c:/mounriver/mrs_community/toolchain/risc-v embedded gcc/bin/../lib/gcc/riscv-none-embed/8.2.0/../../../../riscv-none-embed/lib/rv32ec/ilp32e\libg_nano.a(lib_a-memcpy.o)
                              ./User/ff/ff.o (memcpy)
c:/mounriver/mrs_community/toolchain/risc-v embedded gcc/bin/../lib/gcc/riscv-none-embed/8.2.0/../../../../riscv-none-embed/lib/rv32ec/ilp32e\libg_nano.a(lib_a-memset.o)
                              ./User/ff/ff.o (memset)
c:/mounriver/mrs_community/toolchain/risc-v embedded gcc/bin/../lib/gcc/riscv-none-embed/8.2.0/../../../../riscv-none-embed/lib/rv32ec/ilp32e\libg_nano.a(lib_a-strchr.o)
                              ./User/ff/ff.o (strchr)

Discarded input sections

 .text          0x0000000000000000        0x0 ./User/hw_spi/hw_spi.o
 .data          0x0000000000000000        0x0 ./User/hw_spi/hw_spi.o
 .bss           0x0000000000000000        0x0 ./User/hw_spi/hw_spi.o
 .text.SPI_end  0x0000000000000000       0x1a ./User/hw_spi/hw_spi.o
 .text          0x0000000000000000        0x0 ./User/ff/ff.o
 .data          0x0000000000000000        0x0 ./User/ff/ff.o
 .bss           0x0000000000000000        0x0 ./User/ff/ff.o
 .text.f_read   0x0000000000000000      0x18e ./User/ff/ff.o
 .text.f_lseek  0x0000000000000000      0x15a ./User/ff/ff.o
 .text          0x0000000000000000        0x0 ./User/ff/sdmm.o
 .data          0x0000000000000000        0x0 ./User/ff/sdmm.o
 .bss           0x0000000000000000        0x0 ./User/ff/sdmm.o
 .text          0x0000000000000000        0x0 ./User/ch32v00x_it.o
 .data          0x0000000000000000        0x0 ./User/ch32v00x_it.o
 .bss           0x0000000000000000        0x0 ./User/ch32v00x_it.o
 .text          0x0000000000000000        0x0 ./User/i2c_com.o
 .data          0x0000000000000000        0x0 ./User/i2c_com.o
 .bss           0x0000000000000000        0x0 ./User/i2c_com.o
 .text          0x0000000000000000        0x0 ./User/main.o
 .data          0x0000000000000000        0x0 ./User/main.o
 .bss           0x0000000000000000        0x0 ./User/main.o
 .text.LED_OFF  0x0000000000000000        0xc ./User/main.o
 .text.LED_ON   0x0000000000000000        0xc ./User/main.o
 .text          0x0000000000000000        0x0 ./User/rtc_ds1307.o
 .data          0x0000000000000000        0x0 ./User/rtc_ds1307.o
 .bss           0x0000000000000000        0x0 ./User/rtc_ds1307.o
 .text.DS1307_fillByHMS
                0x0000000000000000       0x16 ./User/rtc_ds1307.o
 .text.DS1307_fillByYMD
                0x0000000000000000       0x1a ./User/rtc_ds1307.o
 .text.DS1307_fillDayOfWeek
                0x0000000000000000        0xa ./User/rtc_ds1307.o
 .text          0x0000000000000000        0x0 ./User/sensor_aht20.o
 .data          0x0000000000000000        0x0 ./User/sensor_aht20.o
 .bss           0x0000000000000000        0x0 ./User/sensor_aht20.o
 .text          0x0000000000000000        0x0 ./User/system_ch32v00x.o
 .data          0x0000000000000000        0x0 ./User/system_ch32v00x.o
 .bss           0x0000000000000000        0x0 ./User/system_ch32v00x.o
 .text          0x0000000000000000        0x0 ./Startup/startup_ch32v00x.o
 .data          0x0000000000000000        0x0 ./Startup/startup_ch32v00x.o
 .bss           0x0000000000000000        0x0 ./Startup/startup_ch32v00x.o
 .text          0x0000000000000000        0x0 ./Peripheral/src/ch32v00x_adc.o
 .data          0x0000000000000000        0x0 ./Peripheral/src/ch32v00x_adc.o
 .bss           0x0000000000000000        0x0 ./Peripheral/src/ch32v00x_adc.o
 .text.ADC_StructInit
                0x0000000000000000       0x1c ./Peripheral/src/ch32v00x_adc.o
 .text.ADC_DMACmd
                0x0000000000000000       0x12 ./Peripheral/src/ch32v00x_adc.o
 .text.ADC_GetSoftwareStartConvStatus
                0x0000000000000000        0x8 ./Peripheral/src/ch32v00x_adc.o
 .text.ADC_DiscModeChannelCountConfig
                0x0000000000000000       0x12 ./Peripheral/src/ch32v00x_adc.o
 .text.ADC_DiscModeCmd
                0x0000000000000000       0x1a ./Peripheral/src/ch32v00x_adc.o
 .text.ADC_ExternalTrigConvCmd
                0x0000000000000000       0x18 ./Peripheral/src/ch32v00x_adc.o
 .text.ADC_InjectedDiscModeCmd
                0x0000000000000000       0x14 ./Peripheral/src/ch32v00x_adc.o
 .text.ADC_ExternalTrigInjectedConvConfig
                0x0000000000000000        0xe ./Peripheral/src/ch32v00x_adc.o
 .text.ADC_ExternalTrigInjectedConvCmd
                0x0000000000000000       0x14 ./Peripheral/src/ch32v00x_adc.o
 .text.ADC_SoftwareStartInjectedConvCmd
                0x0000000000000000       0x18 ./Peripheral/src/ch32v00x_adc.o
 .text.ADC_GetSoftwareStartInjectedConvCmdStatus
                0x0000000000000000        0x8 ./Peripheral/src/ch32v00x_adc.o
 .text.ADC_InjectedChannelConfig
                0x0000000000000000       0x7a ./Peripheral/src/ch32v00x_adc.o
 .text.ADC_InjectedSequencerLengthConfig
                0x0000000000000000       0x14 ./Peripheral/src/ch32v00x_adc.o
 .text.ADC_SetInjectedOffset
                0x0000000000000000       0x14 ./Peripheral/src/ch32v00x_adc.o
 .text.ADC_GetInjectedConversionValue
                0x0000000000000000       0x1c ./Peripheral/src/ch32v00x_adc.o
 .text.ADC_AnalogWatchdogCmd
                0x0000000000000000       0x12 ./Peripheral/src/ch32v00x_adc.o
 .text.ADC_AnalogWatchdogThresholdsConfig
                0x0000000000000000        0x6 ./Peripheral/src/ch32v00x_adc.o
 .text.ADC_AnalogWatchdogSingleChannelConfig
                0x0000000000000000        0xa ./Peripheral/src/ch32v00x_adc.o
 .text.ADC_ClearFlag
                0x0000000000000000        0x8 ./Peripheral/src/ch32v00x_adc.o
 .text.ADC_GetITStatus
                0x0000000000000000       0x1c ./Peripheral/src/ch32v00x_adc.o
 .text.ADC_ClearITPendingBit
                0x0000000000000000        0xa ./Peripheral/src/ch32v00x_adc.o
 .text.ADC_ExternalTrig_DLY
                0x0000000000000000       0x16 ./Peripheral/src/ch32v00x_adc.o
 .text          0x0000000000000000        0x0 ./Peripheral/src/ch32v00x_dbgmcu.o
 .data          0x0000000000000000        0x0 ./Peripheral/src/ch32v00x_dbgmcu.o
 .bss           0x0000000000000000        0x0 ./Peripheral/src/ch32v00x_dbgmcu.o
 .text.DBGMCU_GetREVID
                0x0000000000000000        0xa ./Peripheral/src/ch32v00x_dbgmcu.o
 .text.DBGMCU_GetDEVID
                0x0000000000000000        0xa ./Peripheral/src/ch32v00x_dbgmcu.o
 .text.__get_DEBUG_CR
                0x0000000000000000        0x6 ./Peripheral/src/ch32v00x_dbgmcu.o
 .text.__set_DEBUG_CR
                0x0000000000000000        0x6 ./Peripheral/src/ch32v00x_dbgmcu.o
 .text.DBGMCU_Config
                0x0000000000000000       0x14 ./Peripheral/src/ch32v00x_dbgmcu.o
 .text.DBGMCU_GetCHIPID
                0x0000000000000000        0xa ./Peripheral/src/ch32v00x_dbgmcu.o
 .debug_info    0x0000000000000000      0xa94 ./Peripheral/src/ch32v00x_dbgmcu.o
 .debug_abbrev  0x0000000000000000      0x2f7 ./Peripheral/src/ch32v00x_dbgmcu.o
 .debug_loc     0x0000000000000000       0x6e ./Peripheral/src/ch32v00x_dbgmcu.o
 .debug_aranges
                0x0000000000000000       0x48 ./Peripheral/src/ch32v00x_dbgmcu.o
 .debug_ranges  0x0000000000000000       0x50 ./Peripheral/src/ch32v00x_dbgmcu.o
 .debug_line    0x0000000000000000      0x35e ./Peripheral/src/ch32v00x_dbgmcu.o
 .debug_str     0x0000000000000000      0x637 ./Peripheral/src/ch32v00x_dbgmcu.o
 .comment       0x0000000000000000       0x34 ./Peripheral/src/ch32v00x_dbgmcu.o
 .debug_frame   0x0000000000000000       0x70 ./Peripheral/src/ch32v00x_dbgmcu.o
 .text          0x0000000000000000        0x0 ./Peripheral/src/ch32v00x_dma.o
 .data          0x0000000000000000        0x0 ./Peripheral/src/ch32v00x_dma.o
 .bss           0x0000000000000000        0x0 ./Peripheral/src/ch32v00x_dma.o
 .text.DMA_DeInit
                0x0000000000000000       0x92 ./Peripheral/src/ch32v00x_dma.o
 .text.DMA_Init
                0x0000000000000000       0x38 ./Peripheral/src/ch32v00x_dma.o
 .text.DMA_StructInit
                0x0000000000000000       0x2e ./Peripheral/src/ch32v00x_dma.o
 .text.DMA_Cmd  0x0000000000000000       0x14 ./Peripheral/src/ch32v00x_dma.o
 .text.DMA_ITConfig
                0x0000000000000000       0x12 ./Peripheral/src/ch32v00x_dma.o
 .text.DMA_SetCurrDataCounter
                0x0000000000000000        0x4 ./Peripheral/src/ch32v00x_dma.o
 .text.DMA_GetCurrDataCounter
                0x0000000000000000        0x8 ./Peripheral/src/ch32v00x_dma.o
 .text.DMA_GetFlagStatus
                0x0000000000000000        0xe ./Peripheral/src/ch32v00x_dma.o
 .text.DMA_ClearFlag
                0x0000000000000000        0x8 ./Peripheral/src/ch32v00x_dma.o
 .text.DMA_GetITStatus
                0x0000000000000000       0x18 ./Peripheral/src/ch32v00x_dma.o
 .text.DMA_ClearITPendingBit
                0x0000000000000000        0x8 ./Peripheral/src/ch32v00x_dma.o
 .debug_info    0x0000000000000000      0xd17 ./Peripheral/src/ch32v00x_dma.o
 .debug_abbrev  0x0000000000000000      0x302 ./Peripheral/src/ch32v00x_dma.o
 .debug_loc     0x0000000000000000      0x14a ./Peripheral/src/ch32v00x_dma.o
 .debug_aranges
                0x0000000000000000       0x60 ./Peripheral/src/ch32v00x_dma.o
 .debug_ranges  0x0000000000000000       0x50 ./Peripheral/src/ch32v00x_dma.o
 .debug_line    0x0000000000000000      0x771 ./Peripheral/src/ch32v00x_dma.o
 .debug_str     0x0000000000000000      0x7e4 ./Peripheral/src/ch32v00x_dma.o
 .comment       0x0000000000000000       0x34 ./Peripheral/src/ch32v00x_dma.o
 .debug_frame   0x0000000000000000       0xcc ./Peripheral/src/ch32v00x_dma.o
 .text          0x0000000000000000        0x0 ./Peripheral/src/ch32v00x_exti.o
 .data          0x0000000000000000        0x0 ./Peripheral/src/ch32v00x_exti.o
 .bss           0x0000000000000000        0x0 ./Peripheral/src/ch32v00x_exti.o
 .text.EXTI_DeInit
                0x0000000000000000       0x22 ./Peripheral/src/ch32v00x_exti.o
 .text.EXTI_Init
                0x0000000000000000       0x6a ./Peripheral/src/ch32v00x_exti.o
 .text.EXTI_StructInit
                0x0000000000000000       0x12 ./Peripheral/src/ch32v00x_exti.o
 .text.EXTI_GenerateSWInterrupt
                0x0000000000000000       0x10 ./Peripheral/src/ch32v00x_exti.o
 .text.EXTI_GetFlagStatus
                0x0000000000000000       0x12 ./Peripheral/src/ch32v00x_exti.o
 .text.EXTI_ClearFlag
                0x0000000000000000        0xa ./Peripheral/src/ch32v00x_exti.o
 .text.EXTI_GetITStatus
                0x0000000000000000       0x1e ./Peripheral/src/ch32v00x_exti.o
 .text.EXTI_ClearITPendingBit
                0x0000000000000000        0xa ./Peripheral/src/ch32v00x_exti.o
 .debug_info    0x0000000000000000      0xc05 ./Peripheral/src/ch32v00x_exti.o
 .debug_abbrev  0x0000000000000000      0x2da ./Peripheral/src/ch32v00x_exti.o
 .debug_loc     0x0000000000000000      0x181 ./Peripheral/src/ch32v00x_exti.o
 .debug_aranges
                0x0000000000000000       0x50 ./Peripheral/src/ch32v00x_exti.o
 .debug_ranges  0x0000000000000000       0x40 ./Peripheral/src/ch32v00x_exti.o
 .debug_line    0x0000000000000000      0x5aa ./Peripheral/src/ch32v00x_exti.o
 .debug_str     0x0000000000000000      0x77e ./Peripheral/src/ch32v00x_exti.o
 .comment       0x0000000000000000       0x34 ./Peripheral/src/ch32v00x_exti.o
 .debug_frame   0x0000000000000000       0x90 ./Peripheral/src/ch32v00x_exti.o
 .text          0x0000000000000000        0x0 ./Peripheral/src/ch32v00x_flash.o
 .data          0x0000000000000000        0x0 ./Peripheral/src/ch32v00x_flash.o
 .bss           0x0000000000000000        0x0 ./Peripheral/src/ch32v00x_flash.o
 .text.ROM_ERASE
                0x0000000000000000       0x60 ./Peripheral/src/ch32v00x_flash.o
 .text.FLASH_SetLatency
                0x0000000000000000       0x10 ./Peripheral/src/ch32v00x_flash.o
 .text.FLASH_Unlock
                0x0000000000000000       0x1a ./Peripheral/src/ch32v00x_flash.o
 .text.FLASH_Lock
                0x0000000000000000        0xe ./Peripheral/src/ch32v00x_flash.o
 .text.FLASH_GetUserOptionByte
                0x0000000000000000        0xa ./Peripheral/src/ch32v00x_flash.o
 .text.FLASH_GetWriteProtectionOptionByte
                0x0000000000000000        0x8 ./Peripheral/src/ch32v00x_flash.o
 .text.FLASH_GetReadOutProtectionStatus
                0x0000000000000000        0xc ./Peripheral/src/ch32v00x_flash.o
 .text.FLASH_ITConfig
                0x0000000000000000       0x1e ./Peripheral/src/ch32v00x_flash.o
 .text.FLASH_GetFlagStatus
                0x0000000000000000       0x1e ./Peripheral/src/ch32v00x_flash.o
 .text.FLASH_ClearFlag
                0x0000000000000000        0x8 ./Peripheral/src/ch32v00x_flash.o
 .text.FLASH_GetStatus
                0x0000000000000000       0x18 ./Peripheral/src/ch32v00x_flash.o
 .text.FLASH_GetBank1Status
                0x0000000000000000       0x18 ./Peripheral/src/ch32v00x_flash.o
 .text.FLASH_WaitForLastOperation
                0x0000000000000000       0x34 ./Peripheral/src/ch32v00x_flash.o
 .text.FLASH_ErasePage
                0x0000000000000000       0x4c ./Peripheral/src/ch32v00x_flash.o
 .text.FLASH_EraseAllPages
                0x0000000000000000       0x48 ./Peripheral/src/ch32v00x_flash.o
 .text.FLASH_EraseOptionBytes
                0x0000000000000000       0x9a ./Peripheral/src/ch32v00x_flash.o
 .text.FLASH_ProgramWord
                0x0000000000000000       0x72 ./Peripheral/src/ch32v00x_flash.o
 .text.FLASH_ProgramHalfWord
                0x0000000000000000       0x4a ./Peripheral/src/ch32v00x_flash.o
 .text.FLASH_ProgramOptionByteData
                0x0000000000000000       0x68 ./Peripheral/src/ch32v00x_flash.o
 .text.FLASH_EnableWriteProtection
                0x0000000000000000       0x9e ./Peripheral/src/ch32v00x_flash.o
 .text.FLASH_ReadOutProtection
                0x0000000000000000       0xae ./Peripheral/src/ch32v00x_flash.o
 .text.FLASH_UserOptionByteConfig
                0x0000000000000000       0x80 ./Peripheral/src/ch32v00x_flash.o
 .text.FLASH_WaitForLastBank1Operation
                0x0000000000000000       0x18 ./Peripheral/src/ch32v00x_flash.o
 .text.FLASH_Unlock_Fast
                0x0000000000000000       0x1e ./Peripheral/src/ch32v00x_flash.o
 .text.FLASH_Lock_Fast
                0x0000000000000000        0xe ./Peripheral/src/ch32v00x_flash.o
 .text.FLASH_BufReset
                0x0000000000000000       0x28 ./Peripheral/src/ch32v00x_flash.o
 .text.FLASH_BufLoad
                0x0000000000000000       0x36 ./Peripheral/src/ch32v00x_flash.o
 .text.FLASH_ErasePage_Fast
                0x0000000000000000       0x36 ./Peripheral/src/ch32v00x_flash.o
 .text.FLASH_ProgramPage_Fast
                0x0000000000000000       0x34 ./Peripheral/src/ch32v00x_flash.o
 .text.SystemReset_StartMode
                0x0000000000000000       0x56 ./Peripheral/src/ch32v00x_flash.o
 .text.FLASH_ROM_ERASE
                0x0000000000000000      0x140 ./Peripheral/src/ch32v00x_flash.o
 .text.FLASH_ROM_WRITE
                0x0000000000000000       0xf6 ./Peripheral/src/ch32v00x_flash.o
 .debug_info    0x0000000000000000     0x1492 ./Peripheral/src/ch32v00x_flash.o
 .debug_abbrev  0x0000000000000000      0x3fa ./Peripheral/src/ch32v00x_flash.o
 .debug_loc     0x0000000000000000      0xaf1 ./Peripheral/src/ch32v00x_flash.o
 .debug_aranges
                0x0000000000000000      0x110 ./Peripheral/src/ch32v00x_flash.o
 .debug_ranges  0x0000000000000000      0x100 ./Peripheral/src/ch32v00x_flash.o
 .debug_line    0x0000000000000000     0x1bf9 ./Peripheral/src/ch32v00x_flash.o
 .debug_str     0x0000000000000000      0xaae ./Peripheral/src/ch32v00x_flash.o
 .comment       0x0000000000000000       0x34 ./Peripheral/src/ch32v00x_flash.o
 .debug_frame   0x0000000000000000      0x324 ./Peripheral/src/ch32v00x_flash.o
 .text          0x0000000000000000        0x0 ./Peripheral/src/ch32v00x_gpio.o
 .data          0x0000000000000000        0x0 ./Peripheral/src/ch32v00x_gpio.o
 .bss           0x0000000000000000        0x0 ./Peripheral/src/ch32v00x_gpio.o
 .text.GPIO_DeInit
                0x0000000000000000       0x68 ./Peripheral/src/ch32v00x_gpio.o
 .text.GPIO_AFIODeInit
                0x0000000000000000       0x28 ./Peripheral/src/ch32v00x_gpio.o
 .text.GPIO_StructInit
                0x0000000000000000       0x10 ./Peripheral/src/ch32v00x_gpio.o
 .text.GPIO_ReadInputDataBit
                0x0000000000000000        0xa ./Peripheral/src/ch32v00x_gpio.o
 .text.GPIO_ReadInputData
                0x0000000000000000        0x8 ./Peripheral/src/ch32v00x_gpio.o
 .text.GPIO_ReadOutputDataBit
                0x0000000000000000        0xa ./Peripheral/src/ch32v00x_gpio.o
 .text.GPIO_ReadOutputData
                0x0000000000000000        0x8 ./Peripheral/src/ch32v00x_gpio.o
 .text.GPIO_SetBits
                0x0000000000000000        0x4 ./Peripheral/src/ch32v00x_gpio.o
 .text.GPIO_ResetBits
                0x0000000000000000        0x4 ./Peripheral/src/ch32v00x_gpio.o
 .text.GPIO_WriteBit
                0x0000000000000000        0xa ./Peripheral/src/ch32v00x_gpio.o
 .text.GPIO_Write
                0x0000000000000000        0x4 ./Peripheral/src/ch32v00x_gpio.o
 .text.GPIO_PinLockConfig
                0x0000000000000000       0x10 ./Peripheral/src/ch32v00x_gpio.o
 .text.GPIO_PinRemapConfig
                0x0000000000000000       0xc4 ./Peripheral/src/ch32v00x_gpio.o
 .text.GPIO_EXTILineConfig
                0x0000000000000000       0x22 ./Peripheral/src/ch32v00x_gpio.o
 .text.GPIO_IPD_Unused
                0x0000000000000000       0xaa ./Peripheral/src/ch32v00x_gpio.o
 .text          0x0000000000000000        0x0 ./Peripheral/src/ch32v00x_i2c.o
 .data          0x0000000000000000        0x0 ./Peripheral/src/ch32v00x_i2c.o
 .bss           0x0000000000000000        0x0 ./Peripheral/src/ch32v00x_i2c.o
 .text.I2C_DeInit
                0x0000000000000000       0x3a ./Peripheral/src/ch32v00x_i2c.o
 .text.I2C_StructInit
                0x0000000000000000       0x1a ./Peripheral/src/ch32v00x_i2c.o
 .text.I2C_DMACmd
                0x0000000000000000       0x22 ./Peripheral/src/ch32v00x_i2c.o
 .text.I2C_DMALastTransferCmd
                0x0000000000000000       0x1c ./Peripheral/src/ch32v00x_i2c.o
 .text.I2C_OwnAddress2Config
                0x0000000000000000       0x18 ./Peripheral/src/ch32v00x_i2c.o
 .text.I2C_DualAddressCmd
                0x0000000000000000       0x1c ./Peripheral/src/ch32v00x_i2c.o
 .text.I2C_GeneralCallCmd
                0x0000000000000000       0x1e ./Peripheral/src/ch32v00x_i2c.o
 .text.I2C_ITConfig
                0x0000000000000000       0x16 ./Peripheral/src/ch32v00x_i2c.o
 .text.I2C_ReadRegister
                0x0000000000000000       0x16 ./Peripheral/src/ch32v00x_i2c.o
 .text.I2C_SoftwareResetCmd
                0x0000000000000000       0x16 ./Peripheral/src/ch32v00x_i2c.o
 .text.I2C_NACKPositionConfig
                0x0000000000000000       0x26 ./Peripheral/src/ch32v00x_i2c.o
 .text.I2C_TransmitPEC
                0x0000000000000000       0x1c ./Peripheral/src/ch32v00x_i2c.o
 .text.I2C_PECPositionConfig
                0x0000000000000000       0x18 ./Peripheral/src/ch32v00x_i2c.o
 .text.I2C_CalculatePEC
                0x0000000000000000       0x1e ./Peripheral/src/ch32v00x_i2c.o
 .text.I2C_GetPEC
                0x0000000000000000        0x8 ./Peripheral/src/ch32v00x_i2c.o
 .text.I2C_ARPCmd
                0x0000000000000000       0x1c ./Peripheral/src/ch32v00x_i2c.o
 .text.I2C_StretchClockCmd
                0x0000000000000000       0x1e ./Peripheral/src/ch32v00x_i2c.o
 .text.I2C_FastModeDutyCycleConfig
                0x0000000000000000       0x20 ./Peripheral/src/ch32v00x_i2c.o
 .text.I2C_GetLastEvent
                0x0000000000000000       0x12 ./Peripheral/src/ch32v00x_i2c.o
 .text.I2C_ClearFlag
                0x0000000000000000        0xe ./Peripheral/src/ch32v00x_i2c.o
 .text.I2C_GetITStatus
                0x0000000000000000       0x24 ./Peripheral/src/ch32v00x_i2c.o
 .text.I2C_ClearITPendingBit
                0x0000000000000000        0xe ./Peripheral/src/ch32v00x_i2c.o
 .text          0x0000000000000000        0x0 ./Peripheral/src/ch32v00x_iwdg.o
 .data          0x0000000000000000        0x0 ./Peripheral/src/ch32v00x_iwdg.o
 .bss           0x0000000000000000        0x0 ./Peripheral/src/ch32v00x_iwdg.o
 .text.IWDG_WriteAccessCmd
                0x0000000000000000        0x8 ./Peripheral/src/ch32v00x_iwdg.o
 .text.IWDG_SetPrescaler
                0x0000000000000000        0x8 ./Peripheral/src/ch32v00x_iwdg.o
 .text.IWDG_SetReload
                0x0000000000000000        0x8 ./Peripheral/src/ch32v00x_iwdg.o
 .text.IWDG_ReloadCounter
                0x0000000000000000        0xe ./Peripheral/src/ch32v00x_iwdg.o
 .text.IWDG_Enable
                0x0000000000000000        0xe ./Peripheral/src/ch32v00x_iwdg.o
 .text.IWDG_GetFlagStatus
                0x0000000000000000        0xe ./Peripheral/src/ch32v00x_iwdg.o
 .debug_info    0x0000000000000000      0xaae ./Peripheral/src/ch32v00x_iwdg.o
 .debug_abbrev  0x0000000000000000      0x282 ./Peripheral/src/ch32v00x_iwdg.o
 .debug_loc     0x0000000000000000       0x68 ./Peripheral/src/ch32v00x_iwdg.o
 .debug_aranges
                0x0000000000000000       0x48 ./Peripheral/src/ch32v00x_iwdg.o
 .debug_ranges  0x0000000000000000       0x38 ./Peripheral/src/ch32v00x_iwdg.o
 .debug_line    0x0000000000000000      0x385 ./Peripheral/src/ch32v00x_iwdg.o
 .debug_str     0x0000000000000000      0x690 ./Peripheral/src/ch32v00x_iwdg.o
 .comment       0x0000000000000000       0x34 ./Peripheral/src/ch32v00x_iwdg.o
 .debug_frame   0x0000000000000000       0x70 ./Peripheral/src/ch32v00x_iwdg.o
 .text          0x0000000000000000        0x0 ./Peripheral/src/ch32v00x_misc.o
 .data          0x0000000000000000        0x0 ./Peripheral/src/ch32v00x_misc.o
 .bss           0x0000000000000000        0x0 ./Peripheral/src/ch32v00x_misc.o
 .text          0x0000000000000000        0x0 ./Peripheral/src/ch32v00x_opa.o
 .data          0x0000000000000000        0x0 ./Peripheral/src/ch32v00x_opa.o
 .bss           0x0000000000000000        0x0 ./Peripheral/src/ch32v00x_opa.o
 .text.OPA_DeInit
                0x0000000000000000       0x16 ./Peripheral/src/ch32v00x_opa.o
 .text.OPA_Init
                0x0000000000000000       0x22 ./Peripheral/src/ch32v00x_opa.o
 .text.OPA_StructInit
                0x0000000000000000        0xa ./Peripheral/src/ch32v00x_opa.o
 .text.OPA_Cmd  0x0000000000000000       0x2c ./Peripheral/src/ch32v00x_opa.o
 .debug_info    0x0000000000000000      0xaa5 ./Peripheral/src/ch32v00x_opa.o
 .debug_abbrev  0x0000000000000000      0x230 ./Peripheral/src/ch32v00x_opa.o
 .debug_loc     0x0000000000000000       0x35 ./Peripheral/src/ch32v00x_opa.o
 .debug_aranges
                0x0000000000000000       0x38 ./Peripheral/src/ch32v00x_opa.o
 .debug_ranges  0x0000000000000000       0x28 ./Peripheral/src/ch32v00x_opa.o
 .debug_line    0x0000000000000000      0x3bf ./Peripheral/src/ch32v00x_opa.o
 .debug_str     0x0000000000000000      0x65e ./Peripheral/src/ch32v00x_opa.o
 .comment       0x0000000000000000       0x34 ./Peripheral/src/ch32v00x_opa.o
 .debug_frame   0x0000000000000000       0x50 ./Peripheral/src/ch32v00x_opa.o
 .text          0x0000000000000000        0x0 ./Peripheral/src/ch32v00x_pwr.o
 .data          0x0000000000000000        0x0 ./Peripheral/src/ch32v00x_pwr.o
 .bss           0x0000000000000000        0x0 ./Peripheral/src/ch32v00x_pwr.o
 .text.PWR_DeInit
                0x0000000000000000       0x2c ./Peripheral/src/ch32v00x_pwr.o
 .text.PWR_PVDCmd
                0x0000000000000000       0x14 ./Peripheral/src/ch32v00x_pwr.o
 .text.PWR_PVDLevelConfig
                0x0000000000000000       0x10 ./Peripheral/src/ch32v00x_pwr.o
 .text.PWR_AutoWakeUpCmd
                0x0000000000000000       0x14 ./Peripheral/src/ch32v00x_pwr.o
 .text.PWR_AWU_SetPrescaler
                0x0000000000000000        0xe ./Peripheral/src/ch32v00x_pwr.o
 .text.PWR_AWU_SetWindowValue
                0x0000000000000000       0x1e ./Peripheral/src/ch32v00x_pwr.o
 .text.PWR_EnterSTANDBYMode
                0x0000000000000000       0x82 ./Peripheral/src/ch32v00x_pwr.o
 .text.PWR_GetFlagStatus
                0x0000000000000000        0xe ./Peripheral/src/ch32v00x_pwr.o
 .debug_info    0x0000000000000000      0xe7f ./Peripheral/src/ch32v00x_pwr.o
 .debug_abbrev  0x0000000000000000      0x34a ./Peripheral/src/ch32v00x_pwr.o
 .debug_loc     0x0000000000000000      0x12a ./Peripheral/src/ch32v00x_pwr.o
 .debug_aranges
                0x0000000000000000       0x58 ./Peripheral/src/ch32v00x_pwr.o
 .debug_ranges  0x0000000000000000       0x88 ./Peripheral/src/ch32v00x_pwr.o
 .debug_line    0x0000000000000000      0x62d ./Peripheral/src/ch32v00x_pwr.o
 .debug_str     0x0000000000000000      0x7d1 ./Peripheral/src/ch32v00x_pwr.o
 .comment       0x0000000000000000       0x34 ./Peripheral/src/ch32v00x_pwr.o
 .debug_frame   0x0000000000000000       0xa4 ./Peripheral/src/ch32v00x_pwr.o
 .text          0x0000000000000000        0x0 ./Peripheral/src/ch32v00x_rcc.o
 .data          0x0000000000000000        0x0 ./Peripheral/src/ch32v00x_rcc.o
 .bss           0x0000000000000000        0x0 ./Peripheral/src/ch32v00x_rcc.o
 .text.RCC_DeInit
                0x0000000000000000       0x40 ./Peripheral/src/ch32v00x_rcc.o
 .text.RCC_HSEConfig
                0x0000000000000000       0x3c ./Peripheral/src/ch32v00x_rcc.o
 .text.RCC_AdjustHSICalibrationValue
                0x0000000000000000       0x12 ./Peripheral/src/ch32v00x_rcc.o
 .text.RCC_HSICmd
                0x0000000000000000       0x14 ./Peripheral/src/ch32v00x_rcc.o
 .text.RCC_PLLConfig
                0x0000000000000000       0x14 ./Peripheral/src/ch32v00x_rcc.o
 .text.RCC_PLLCmd
                0x0000000000000000       0x24 ./Peripheral/src/ch32v00x_rcc.o
 .text.RCC_SYSCLKConfig
                0x0000000000000000        0xe ./Peripheral/src/ch32v00x_rcc.o
 .text.RCC_GetSYSCLKSource
                0x0000000000000000        0xa ./Peripheral/src/ch32v00x_rcc.o
 .text.RCC_HCLKConfig
                0x0000000000000000       0x10 ./Peripheral/src/ch32v00x_rcc.o
 .text.RCC_ITConfig
                0x0000000000000000       0x1a ./Peripheral/src/ch32v00x_rcc.o
 .text.RCC_LSICmd
                0x0000000000000000       0x14 ./Peripheral/src/ch32v00x_rcc.o
 .text.RCC_AHBPeriphClockCmd
                0x0000000000000000       0x1e ./Peripheral/src/ch32v00x_rcc.o
 .text.RCC_APB1PeriphResetCmd
                0x0000000000000000       0x1e ./Peripheral/src/ch32v00x_rcc.o
 .text.RCC_ClockSecuritySystemCmd
                0x0000000000000000       0x24 ./Peripheral/src/ch32v00x_rcc.o
 .text.RCC_MCOConfig
                0x0000000000000000        0xa ./Peripheral/src/ch32v00x_rcc.o
 .text.RCC_GetFlagStatus
                0x0000000000000000       0x20 ./Peripheral/src/ch32v00x_rcc.o
 .text.RCC_WaitForHSEStartUp
                0x0000000000000000       0x42 ./Peripheral/src/ch32v00x_rcc.o
 .text.RCC_ClearFlag
                0x0000000000000000       0x10 ./Peripheral/src/ch32v00x_rcc.o
 .text.RCC_GetITStatus
                0x0000000000000000        0xe ./Peripheral/src/ch32v00x_rcc.o
 .text.RCC_ClearITPendingBit
                0x0000000000000000        0xa ./Peripheral/src/ch32v00x_rcc.o
 .text          0x0000000000000000        0x0 ./Peripheral/src/ch32v00x_spi.o
 .data          0x0000000000000000        0x0 ./Peripheral/src/ch32v00x_spi.o
 .bss           0x0000000000000000        0x0 ./Peripheral/src/ch32v00x_spi.o
 .text.SPI_I2S_DeInit
                0x0000000000000000       0x32 ./Peripheral/src/ch32v00x_spi.o
 .text.SPI_Init
                0x0000000000000000       0x4a ./Peripheral/src/ch32v00x_spi.o
 .text.SPI_StructInit
                0x0000000000000000       0x24 ./Peripheral/src/ch32v00x_spi.o
 .text.SPI_Cmd  0x0000000000000000       0x1e ./Peripheral/src/ch32v00x_spi.o
 .text.SPI_I2S_ITConfig
                0x0000000000000000       0x22 ./Peripheral/src/ch32v00x_spi.o
 .text.SPI_I2S_DMACmd
                0x0000000000000000       0x16 ./Peripheral/src/ch32v00x_spi.o
 .text.SPI_I2S_SendData
                0x0000000000000000        0x6 ./Peripheral/src/ch32v00x_spi.o
 .text.SPI_I2S_ReceiveData
                0x0000000000000000        0x6 ./Peripheral/src/ch32v00x_spi.o
 .text.SPI_NSSInternalSoftwareConfig
                0x0000000000000000       0x2a ./Peripheral/src/ch32v00x_spi.o
 .text.SPI_SSOutputCmd
                0x0000000000000000       0x1c ./Peripheral/src/ch32v00x_spi.o
 .text.SPI_DataSizeConfig
                0x0000000000000000       0x1c ./Peripheral/src/ch32v00x_spi.o
 .text.SPI_TransmitCRC
                0x0000000000000000        0xe ./Peripheral/src/ch32v00x_spi.o
 .text.SPI_CalculateCRC
                0x0000000000000000       0x1c ./Peripheral/src/ch32v00x_spi.o
 .text.SPI_GetCRC
                0x0000000000000000       0x16 ./Peripheral/src/ch32v00x_spi.o
 .text.SPI_GetCRCPolynomial
                0x0000000000000000        0x6 ./Peripheral/src/ch32v00x_spi.o
 .text.SPI_BiDirectionalLineConfig
                0x0000000000000000       0x20 ./Peripheral/src/ch32v00x_spi.o
 .text.SPI_I2S_GetFlagStatus
                0x0000000000000000        0xc ./Peripheral/src/ch32v00x_spi.o
 .text.SPI_I2S_ClearFlag
                0x0000000000000000        0xe ./Peripheral/src/ch32v00x_spi.o
 .text.SPI_I2S_GetITStatus
                0x0000000000000000       0x2c ./Peripheral/src/ch32v00x_spi.o
 .text.SPI_I2S_ClearITPendingBit
                0x0000000000000000       0x16 ./Peripheral/src/ch32v00x_spi.o
 .debug_info    0x0000000000000000     0x1067 ./Peripheral/src/ch32v00x_spi.o
 .debug_abbrev  0x0000000000000000      0x303 ./Peripheral/src/ch32v00x_spi.o
 .debug_loc     0x0000000000000000      0x429 ./Peripheral/src/ch32v00x_spi.o
 .debug_aranges
                0x0000000000000000       0xb8 ./Peripheral/src/ch32v00x_spi.o
 .debug_ranges  0x0000000000000000       0xa8 ./Peripheral/src/ch32v00x_spi.o
 .debug_line    0x0000000000000000      0x9ab ./Peripheral/src/ch32v00x_spi.o
 .debug_str     0x0000000000000000      0x92a ./Peripheral/src/ch32v00x_spi.o
 .comment       0x0000000000000000       0x34 ./Peripheral/src/ch32v00x_spi.o
 .debug_frame   0x0000000000000000      0x15c ./Peripheral/src/ch32v00x_spi.o
 .text          0x0000000000000000        0x0 ./Peripheral/src/ch32v00x_tim.o
 .data          0x0000000000000000        0x0 ./Peripheral/src/ch32v00x_tim.o
 .bss           0x0000000000000000        0x0 ./Peripheral/src/ch32v00x_tim.o
 .text.TI1_Config
                0x0000000000000000       0x66 ./Peripheral/src/ch32v00x_tim.o
 .text.TI2_Config
                0x0000000000000000       0x7a ./Peripheral/src/ch32v00x_tim.o
 .text.TIM_DeInit
                0x0000000000000000       0x5c ./Peripheral/src/ch32v00x_tim.o
 .text.TIM_OC1Init
                0x0000000000000000       0x86 ./Peripheral/src/ch32v00x_tim.o
 .text.TIM_OC2Init
                0x0000000000000000       0xb2 ./Peripheral/src/ch32v00x_tim.o
 .text.TIM_OC3Init
                0x0000000000000000       0xb0 ./Peripheral/src/ch32v00x_tim.o
 .text.TIM_OC4Init
                0x0000000000000000       0x84 ./Peripheral/src/ch32v00x_tim.o
 .text.TIM_BDTRConfig
                0x0000000000000000       0x2e ./Peripheral/src/ch32v00x_tim.o
 .text.TIM_TimeBaseStructInit
                0x0000000000000000       0x18 ./Peripheral/src/ch32v00x_tim.o
 .text.TIM_OCStructInit
                0x0000000000000000       0x22 ./Peripheral/src/ch32v00x_tim.o
 .text.TIM_ICStructInit
                0x0000000000000000       0x18 ./Peripheral/src/ch32v00x_tim.o
 .text.TIM_BDTRStructInit
                0x0000000000000000       0x1e ./Peripheral/src/ch32v00x_tim.o
 .text.TIM_CtrlPWMOutputs
                0x0000000000000000       0x16 ./Peripheral/src/ch32v00x_tim.o
 .text.TIM_GenerateEvent
                0x0000000000000000        0x6 ./Peripheral/src/ch32v00x_tim.o
 .text.TIM_DMAConfig
                0x0000000000000000        0x8 ./Peripheral/src/ch32v00x_tim.o
 .text.TIM_DMACmd
                0x0000000000000000       0x18 ./Peripheral/src/ch32v00x_tim.o
 .text.TIM_InternalClockConfig
                0x0000000000000000       0x14 ./Peripheral/src/ch32v00x_tim.o
 .text.TIM_ITRxExternalClockConfig
                0x0000000000000000       0x20 ./Peripheral/src/ch32v00x_tim.o
 .text.TIM_TIxExternalClockConfig
                0x0000000000000000       0x50 ./Peripheral/src/ch32v00x_tim.o
 .text.TIM_ETRConfig
                0x0000000000000000       0x1a ./Peripheral/src/ch32v00x_tim.o
 .text.TIM_ETRClockMode1Config
                0x0000000000000000       0x2e ./Peripheral/src/ch32v00x_tim.o
 .text.TIM_ETRClockMode2Config
                0x0000000000000000       0x26 ./Peripheral/src/ch32v00x_tim.o
 .text.TIM_PrescalerConfig
                0x0000000000000000        0xa ./Peripheral/src/ch32v00x_tim.o
 .text.TIM_CounterModeConfig
                0x0000000000000000       0x14 ./Peripheral/src/ch32v00x_tim.o
 .text.TIM_SelectInputTrigger
                0x0000000000000000       0x14 ./Peripheral/src/ch32v00x_tim.o
 .text.TIM_EncoderInterfaceConfig
                0x0000000000000000       0x46 ./Peripheral/src/ch32v00x_tim.o
 .text.TIM_ForcedOC1Config
                0x0000000000000000       0x14 ./Peripheral/src/ch32v00x_tim.o
 .text.TIM_ForcedOC2Config
                0x0000000000000000       0x18 ./Peripheral/src/ch32v00x_tim.o
 .text.TIM_ForcedOC3Config
                0x0000000000000000       0x14 ./Peripheral/src/ch32v00x_tim.o
 .text.TIM_ForcedOC4Config
                0x0000000000000000       0x18 ./Peripheral/src/ch32v00x_tim.o
 .text.TIM_ARRPreloadConfig
                0x0000000000000000       0x1e ./Peripheral/src/ch32v00x_tim.o
 .text.TIM_SelectCOM
                0x0000000000000000       0x1c ./Peripheral/src/ch32v00x_tim.o
 .text.TIM_SelectCCDMA
                0x0000000000000000       0x1c ./Peripheral/src/ch32v00x_tim.o
 .text.TIM_CCPreloadControl
                0x0000000000000000       0x1c ./Peripheral/src/ch32v00x_tim.o
 .text.TIM_OC1PreloadConfig
                0x0000000000000000       0x12 ./Peripheral/src/ch32v00x_tim.o
 .text.TIM_OC2PreloadConfig
                0x0000000000000000       0x1a ./Peripheral/src/ch32v00x_tim.o
 .text.TIM_OC3PreloadConfig
                0x0000000000000000       0x12 ./Peripheral/src/ch32v00x_tim.o
 .text.TIM_OC4PreloadConfig
                0x0000000000000000       0x1a ./Peripheral/src/ch32v00x_tim.o
 .text.TIM_OC1FastConfig
                0x0000000000000000       0x12 ./Peripheral/src/ch32v00x_tim.o
 .text.TIM_OC2FastConfig
                0x0000000000000000       0x1a ./Peripheral/src/ch32v00x_tim.o
 .text.TIM_OC3FastConfig
                0x0000000000000000       0x12 ./Peripheral/src/ch32v00x_tim.o
 .text.TIM_OC4FastConfig
                0x0000000000000000       0x1a ./Peripheral/src/ch32v00x_tim.o
 .text.TIM_ClearOC1Ref
                0x0000000000000000       0x14 ./Peripheral/src/ch32v00x_tim.o
 .text.TIM_ClearOC2Ref
                0x0000000000000000       0x16 ./Peripheral/src/ch32v00x_tim.o
 .text.TIM_ClearOC3Ref
                0x0000000000000000       0x14 ./Peripheral/src/ch32v00x_tim.o
 .text.TIM_ClearOC4Ref
                0x0000000000000000       0x16 ./Peripheral/src/ch32v00x_tim.o
 .text.TIM_OC1PolarityConfig
                0x0000000000000000       0x12 ./Peripheral/src/ch32v00x_tim.o
 .text.TIM_OC1NPolarityConfig
                0x0000000000000000       0x12 ./Peripheral/src/ch32v00x_tim.o
 .text.TIM_OC2PolarityConfig
                0x0000000000000000       0x1a ./Peripheral/src/ch32v00x_tim.o
 .text.TIM_OC2NPolarityConfig
                0x0000000000000000       0x1a ./Peripheral/src/ch32v00x_tim.o
 .text.TIM_OC3PolarityConfig
                0x0000000000000000       0x1a ./Peripheral/src/ch32v00x_tim.o
 .text.TIM_OC3NPolarityConfig
                0x0000000000000000       0x1a ./Peripheral/src/ch32v00x_tim.o
 .text.TIM_OC4PolarityConfig
                0x0000000000000000       0x18 ./Peripheral/src/ch32v00x_tim.o
 .text.TIM_CCxCmd
                0x0000000000000000       0x28 ./Peripheral/src/ch32v00x_tim.o
 .text.TIM_CCxNCmd
                0x0000000000000000       0x28 ./Peripheral/src/ch32v00x_tim.o
 .text.TIM_SelectOCxM
                0x0000000000000000       0x50 ./Peripheral/src/ch32v00x_tim.o
 .text.TIM_UpdateDisableConfig
                0x0000000000000000       0x1c ./Peripheral/src/ch32v00x_tim.o
 .text.TIM_UpdateRequestConfig
                0x0000000000000000       0x1c ./Peripheral/src/ch32v00x_tim.o
 .text.TIM_SelectHallSensor
                0x0000000000000000       0x1e ./Peripheral/src/ch32v00x_tim.o
 .text.TIM_SelectOnePulseMode
                0x0000000000000000       0x1e ./Peripheral/src/ch32v00x_tim.o
 .text.TIM_SelectOutputTrigger
                0x0000000000000000       0x20 ./Peripheral/src/ch32v00x_tim.o
 .text.TIM_SelectSlaveMode
                0x0000000000000000       0x1e ./Peripheral/src/ch32v00x_tim.o
 .text.TIM_SelectMasterSlaveMode
                0x0000000000000000       0x20 ./Peripheral/src/ch32v00x_tim.o
 .text.TIM_SetCounter
                0x0000000000000000        0x6 ./Peripheral/src/ch32v00x_tim.o
 .text.TIM_SetAutoreload
                0x0000000000000000        0x6 ./Peripheral/src/ch32v00x_tim.o
 .text.TIM_SetCompare1
                0x0000000000000000        0x4 ./Peripheral/src/ch32v00x_tim.o
 .text.TIM_SetCompare2
                0x0000000000000000        0x4 ./Peripheral/src/ch32v00x_tim.o
 .text.TIM_SetCompare3
                0x0000000000000000        0x4 ./Peripheral/src/ch32v00x_tim.o
 .text.TIM_SetCompare4
                0x0000000000000000        0x4 ./Peripheral/src/ch32v00x_tim.o
 .text.TIM_SetIC1Prescaler
                0x0000000000000000       0x1e ./Peripheral/src/ch32v00x_tim.o
 .text.TIM_SetIC2Prescaler
                0x0000000000000000       0x22 ./Peripheral/src/ch32v00x_tim.o
 .text.TIM_PWMIConfig
                0x0000000000000000       0xb8 ./Peripheral/src/ch32v00x_tim.o
 .text.TIM_SetIC3Prescaler
                0x0000000000000000       0x1e ./Peripheral/src/ch32v00x_tim.o
 .text.TIM_SetIC4Prescaler
                0x0000000000000000       0x22 ./Peripheral/src/ch32v00x_tim.o
 .text.TIM_ICInit
                0x0000000000000000      0x176 ./Peripheral/src/ch32v00x_tim.o
 .text.TIM_SetClockDivision
                0x0000000000000000       0x20 ./Peripheral/src/ch32v00x_tim.o
 .text.TIM_GetCapture1
                0x0000000000000000        0x8 ./Peripheral/src/ch32v00x_tim.o
 .text.TIM_GetCapture2
                0x0000000000000000        0x8 ./Peripheral/src/ch32v00x_tim.o
 .text.TIM_GetCapture3
                0x0000000000000000        0x8 ./Peripheral/src/ch32v00x_tim.o
 .text.TIM_GetCapture4
                0x0000000000000000        0x8 ./Peripheral/src/ch32v00x_tim.o
 .text.TIM_GetCounter
                0x0000000000000000        0x6 ./Peripheral/src/ch32v00x_tim.o
 .text.TIM_GetPrescaler
                0x0000000000000000        0x6 ./Peripheral/src/ch32v00x_tim.o
 .text.TIM_GetFlagStatus
                0x0000000000000000        0xc ./Peripheral/src/ch32v00x_tim.o
 .text.TIM_ClearFlag
                0x0000000000000000        0xe ./Peripheral/src/ch32v00x_tim.o
 .text.TIM_IndicateCaptureLevelCmd
                0x0000000000000000       0x16 ./Peripheral/src/ch32v00x_tim.o
 .text          0x0000000000000000        0x0 ./Peripheral/src/ch32v00x_usart.o
 .data          0x0000000000000000        0x0 ./Peripheral/src/ch32v00x_usart.o
 .bss           0x0000000000000000        0x0 ./Peripheral/src/ch32v00x_usart.o
 .text.USART_DeInit
                0x0000000000000000       0x36 ./Peripheral/src/ch32v00x_usart.o
 .text.USART_StructInit
                0x0000000000000000       0x18 ./Peripheral/src/ch32v00x_usart.o
 .text.USART_ClockInit
                0x0000000000000000       0x2a ./Peripheral/src/ch32v00x_usart.o
 .text.USART_ClockStructInit
                0x0000000000000000       0x12 ./Peripheral/src/ch32v00x_usart.o
 .text.USART_DMACmd
                0x0000000000000000       0x16 ./Peripheral/src/ch32v00x_usart.o
 .text.USART_SetAddress
                0x0000000000000000       0x1e ./Peripheral/src/ch32v00x_usart.o
 .text.USART_WakeUpConfig
                0x0000000000000000       0x1c ./Peripheral/src/ch32v00x_usart.o
 .text.USART_ReceiverWakeUpCmd
                0x0000000000000000       0x1c ./Peripheral/src/ch32v00x_usart.o
 .text.USART_LINBreakDetectLengthConfig
                0x0000000000000000       0x20 ./Peripheral/src/ch32v00x_usart.o
 .text.USART_LINCmd
                0x0000000000000000       0x1c ./Peripheral/src/ch32v00x_usart.o
 .text.USART_SendBreak
                0x0000000000000000        0xe ./Peripheral/src/ch32v00x_usart.o
 .text.USART_SetGuardTime
                0x0000000000000000       0x1a ./Peripheral/src/ch32v00x_usart.o
 .text.USART_SetPrescaler
                0x0000000000000000       0x20 ./Peripheral/src/ch32v00x_usart.o
 .text.USART_SmartCardCmd
                0x0000000000000000       0x1e ./Peripheral/src/ch32v00x_usart.o
 .text.USART_SmartCardNACKCmd
                0x0000000000000000       0x1c ./Peripheral/src/ch32v00x_usart.o
 .text.USART_HalfDuplexCmd
                0x0000000000000000       0x1c ./Peripheral/src/ch32v00x_usart.o
 .text.USART_OverSampling8Cmd
                0x0000000000000000       0x16 ./Peripheral/src/ch32v00x_usart.o
 .text.USART_OneBitMethodCmd
                0x0000000000000000       0x22 ./Peripheral/src/ch32v00x_usart.o
 .text.USART_IrDAConfig
                0x0000000000000000       0x1e ./Peripheral/src/ch32v00x_usart.o
 .text.USART_IrDACmd
                0x0000000000000000       0x1c ./Peripheral/src/ch32v00x_usart.o
 .text.USART_ClearFlag
                0x0000000000000000        0xe ./Peripheral/src/ch32v00x_usart.o
 .text.USART_ClearITPendingBit
                0x0000000000000000       0x16 ./Peripheral/src/ch32v00x_usart.o
 .text          0x0000000000000000        0x0 ./Peripheral/src/ch32v00x_wwdg.o
 .data          0x0000000000000000        0x0 ./Peripheral/src/ch32v00x_wwdg.o
 .bss           0x0000000000000000        0x0 ./Peripheral/src/ch32v00x_wwdg.o
 .text.WWDG_DeInit
                0x0000000000000000       0x2e ./Peripheral/src/ch32v00x_wwdg.o
 .text.WWDG_SetPrescaler
                0x0000000000000000       0x14 ./Peripheral/src/ch32v00x_wwdg.o
 .text.WWDG_SetWindowValue
                0x0000000000000000       0x26 ./Peripheral/src/ch32v00x_wwdg.o
 .text.WWDG_EnableIT
                0x0000000000000000       0x12 ./Peripheral/src/ch32v00x_wwdg.o
 .text.WWDG_SetCounter
                0x0000000000000000        0xe ./Peripheral/src/ch32v00x_wwdg.o
 .text.WWDG_Enable
                0x0000000000000000        0xe ./Peripheral/src/ch32v00x_wwdg.o
 .text.WWDG_GetFlagStatus
                0x0000000000000000        0xa ./Peripheral/src/ch32v00x_wwdg.o
 .text.WWDG_ClearFlag
                0x0000000000000000        0xa ./Peripheral/src/ch32v00x_wwdg.o
 .debug_info    0x0000000000000000      0xb27 ./Peripheral/src/ch32v00x_wwdg.o
 .debug_abbrev  0x0000000000000000      0x29d ./Peripheral/src/ch32v00x_wwdg.o
 .debug_loc     0x0000000000000000       0xae ./Peripheral/src/ch32v00x_wwdg.o
 .debug_aranges
                0x0000000000000000       0x58 ./Peripheral/src/ch32v00x_wwdg.o
 .debug_ranges  0x0000000000000000       0x48 ./Peripheral/src/ch32v00x_wwdg.o
 .debug_line    0x0000000000000000      0x46d ./Peripheral/src/ch32v00x_wwdg.o
 .debug_str     0x0000000000000000      0x6a3 ./Peripheral/src/ch32v00x_wwdg.o
 .comment       0x0000000000000000       0x34 ./Peripheral/src/ch32v00x_wwdg.o
 .debug_frame   0x0000000000000000       0xa4 ./Peripheral/src/ch32v00x_wwdg.o
 .text          0x0000000000000000        0x0 ./Debug/debug.o
 .data          0x0000000000000000        0x0 ./Debug/debug.o
 .bss           0x0000000000000000        0x0 ./Debug/debug.o
 .text.USART_Printf_Init
                0x0000000000000000       0x76 ./Debug/debug.o
 .text.SDI_Printf_Enable
                0x0000000000000000       0x2a ./Debug/debug.o
 .text._write   0x0000000000000000       0x60 ./Debug/debug.o
 .text._sbrk    0x0000000000000000       0x2e ./Debug/debug.o
 .data.curbrk.4087
                0x0000000000000000        0x4 ./Debug/debug.o
 .text          0x0000000000000000        0x0 ./Core/core_riscv.o
 .data          0x0000000000000000        0x0 ./Core/core_riscv.o
 .bss           0x0000000000000000        0x0 ./Core/core_riscv.o
 .text.__get_MSTATUS
                0x0000000000000000        0x6 ./Core/core_riscv.o
 .text.__set_MSTATUS
                0x0000000000000000        0x6 ./Core/core_riscv.o
 .text.__get_MISA
                0x0000000000000000        0x6 ./Core/core_riscv.o
 .text.__set_MISA
                0x0000000000000000        0x6 ./Core/core_riscv.o
 .text.__get_MTVEC
                0x0000000000000000        0x6 ./Core/core_riscv.o
 .text.__set_MTVEC
                0x0000000000000000        0x6 ./Core/core_riscv.o
 .text.__get_MSCRATCH
                0x0000000000000000        0x6 ./Core/core_riscv.o
 .text.__set_MSCRATCH
                0x0000000000000000        0x6 ./Core/core_riscv.o
 .text.__get_MEPC
                0x0000000000000000        0x6 ./Core/core_riscv.o
 .text.__set_MEPC
                0x0000000000000000        0x6 ./Core/core_riscv.o
 .text.__get_MCAUSE
                0x0000000000000000        0x6 ./Core/core_riscv.o
 .text.__set_MCAUSE
                0x0000000000000000        0x6 ./Core/core_riscv.o
 .text.__get_MVENDORID
                0x0000000000000000        0x6 ./Core/core_riscv.o
 .text.__get_MARCHID
                0x0000000000000000        0x6 ./Core/core_riscv.o
 .text.__get_MIMPID
                0x0000000000000000        0x6 ./Core/core_riscv.o
 .text.__get_MHARTID
                0x0000000000000000        0x6 ./Core/core_riscv.o
 .text.__get_SP
                0x0000000000000000        0x4 ./Core/core_riscv.o
 .debug_info    0x0000000000000000      0x324 ./Core/core_riscv.o
 .debug_abbrev  0x0000000000000000       0xe0 ./Core/core_riscv.o
 .debug_aranges
                0x0000000000000000       0xa0 ./Core/core_riscv.o
 .debug_ranges  0x0000000000000000       0x90 ./Core/core_riscv.o
 .debug_line    0x0000000000000000      0x3ec ./Core/core_riscv.o
 .debug_str     0x0000000000000000      0x275 ./Core/core_riscv.o
 .comment       0x0000000000000000       0x34 ./Core/core_riscv.o
 .debug_frame   0x0000000000000000      0x120 ./Core/core_riscv.o
 .data          0x0000000000000000        0x0 c:/mounriver/mrs_community/toolchain/risc-v embedded gcc/bin/../lib/gcc/riscv-none-embed/8.2.0/rv32ec/ilp32e\libgcc.a(save-restore.o)
 .bss           0x0000000000000000        0x0 c:/mounriver/mrs_community/toolchain/risc-v embedded gcc/bin/../lib/gcc/riscv-none-embed/8.2.0/rv32ec/ilp32e\libgcc.a(save-restore.o)
 .eh_frame      0x0000000000000000       0x68 c:/mounriver/mrs_community/toolchain/risc-v embedded gcc/bin/../lib/gcc/riscv-none-embed/8.2.0/rv32ec/ilp32e\libgcc.a(save-restore.o)
 .data          0x0000000000000000        0x0 c:/mounriver/mrs_community/toolchain/risc-v embedded gcc/bin/../lib/gcc/riscv-none-embed/8.2.0/rv32ec/ilp32e\libgcc.a(muldi3.o)
 .bss           0x0000000000000000        0x0 c:/mounriver/mrs_community/toolchain/risc-v embedded gcc/bin/../lib/gcc/riscv-none-embed/8.2.0/rv32ec/ilp32e\libgcc.a(muldi3.o)
 .data          0x0000000000000000        0x0 c:/mounriver/mrs_community/toolchain/risc-v embedded gcc/bin/../lib/gcc/riscv-none-embed/8.2.0/rv32ec/ilp32e\libgcc.a(div.o)
 .bss           0x0000000000000000        0x0 c:/mounriver/mrs_community/toolchain/risc-v embedded gcc/bin/../lib/gcc/riscv-none-embed/8.2.0/rv32ec/ilp32e\libgcc.a(div.o)
 .text          0x0000000000000000        0x0 c:/mounriver/mrs_community/toolchain/risc-v embedded gcc/bin/../lib/gcc/riscv-none-embed/8.2.0/../../../../riscv-none-embed/lib/rv32ec/ilp32e\libg_nano.a(lib_a-memcmp.o)
 .data          0x0000000000000000        0x0 c:/mounriver/mrs_community/toolchain/risc-v embedded gcc/bin/../lib/gcc/riscv-none-embed/8.2.0/../../../../riscv-none-embed/lib/rv32ec/ilp32e\libg_nano.a(lib_a-memcmp.o)
 .bss           0x0000000000000000        0x0 c:/mounriver/mrs_community/toolchain/risc-v embedded gcc/bin/../lib/gcc/riscv-none-embed/8.2.0/../../../../riscv-none-embed/lib/rv32ec/ilp32e\libg_nano.a(lib_a-memcmp.o)
 .text          0x0000000000000000        0x0 c:/mounriver/mrs_community/toolchain/risc-v embedded gcc/bin/../lib/gcc/riscv-none-embed/8.2.0/../../../../riscv-none-embed/lib/rv32ec/ilp32e\libg_nano.a(lib_a-memcpy.o)
 .data          0x0000000000000000        0x0 c:/mounriver/mrs_community/toolchain/risc-v embedded gcc/bin/../lib/gcc/riscv-none-embed/8.2.0/../../../../riscv-none-embed/lib/rv32ec/ilp32e\libg_nano.a(lib_a-memcpy.o)
 .bss           0x0000000000000000        0x0 c:/mounriver/mrs_community/toolchain/risc-v embedded gcc/bin/../lib/gcc/riscv-none-embed/8.2.0/../../../../riscv-none-embed/lib/rv32ec/ilp32e\libg_nano.a(lib_a-memcpy.o)
 .data          0x0000000000000000        0x0 c:/mounriver/mrs_community/toolchain/risc-v embedded gcc/bin/../lib/gcc/riscv-none-embed/8.2.0/../../../../riscv-none-embed/lib/rv32ec/ilp32e\libg_nano.a(lib_a-memset.o)
 .bss           0x0000000000000000        0x0 c:/mounriver/mrs_community/toolchain/risc-v embedded gcc/bin/../lib/gcc/riscv-none-embed/8.2.0/../../../../riscv-none-embed/lib/rv32ec/ilp32e\libg_nano.a(lib_a-memset.o)
 .text          0x0000000000000000        0x0 c:/mounriver/mrs_community/toolchain/risc-v embedded gcc/bin/../lib/gcc/riscv-none-embed/8.2.0/../../../../riscv-none-embed/lib/rv32ec/ilp32e\libg_nano.a(lib_a-strchr.o)
 .data          0x0000000000000000        0x0 c:/mounriver/mrs_community/toolchain/risc-v embedded gcc/bin/../lib/gcc/riscv-none-embed/8.2.0/../../../../riscv-none-embed/lib/rv32ec/ilp32e\libg_nano.a(lib_a-strchr.o)
 .bss           0x0000000000000000        0x0 c:/mounriver/mrs_community/toolchain/risc-v embedded gcc/bin/../lib/gcc/riscv-none-embed/8.2.0/../../../../riscv-none-embed/lib/rv32ec/ilp32e\libg_nano.a(lib_a-strchr.o)

Memory Configuration

Name             Origin             Length             Attributes
FLASH            0x0000000000000000 0x0000000000004000 xr
RAM              0x0000000020000000 0x0000000000000800 xrw
*default*        0x0000000000000000 0xffffffffffffffff

Linker script and memory map

LOAD ./User/hw_spi/hw_spi.o
LOAD ./User/ff/ff.o
LOAD ./User/ff/sdmm.o
LOAD ./User/ch32v00x_it.o
LOAD ./User/i2c_com.o
LOAD ./User/main.o
LOAD ./User/rtc_ds1307.o
LOAD ./User/sensor_aht20.o
LOAD ./User/system_ch32v00x.o
LOAD ./Startup/startup_ch32v00x.o
LOAD ./Peripheral/src/ch32v00x_adc.o
LOAD ./Peripheral/src/ch32v00x_dbgmcu.o
LOAD ./Peripheral/src/ch32v00x_dma.o
LOAD ./Peripheral/src/ch32v00x_exti.o
LOAD ./Peripheral/src/ch32v00x_flash.o
LOAD ./Peripheral/src/ch32v00x_gpio.o
LOAD ./Peripheral/src/ch32v00x_i2c.o
LOAD ./Peripheral/src/ch32v00x_iwdg.o
LOAD ./Peripheral/src/ch32v00x_misc.o
LOAD ./Peripheral/src/ch32v00x_opa.o
LOAD ./Peripheral/src/ch32v00x_pwr.o
LOAD ./Peripheral/src/ch32v00x_rcc.o
LOAD ./Peripheral/src/ch32v00x_spi.o
LOAD ./Peripheral/src/ch32v00x_tim.o
LOAD ./Peripheral/src/ch32v00x_usart.o
LOAD ./Peripheral/src/ch32v00x_wwdg.o
LOAD ./Debug/debug.o
LOAD ./Core/core_riscv.o
LOAD c:/mounriver/mrs_community/toolchain/risc-v embedded gcc/bin/../lib/gcc/riscv-none-embed/8.2.0/rv32ec/ilp32e\libgcc.a
LOAD c:/mounriver/mrs_community/toolchain/risc-v embedded gcc/bin/../lib/gcc/riscv-none-embed/8.2.0/../../../../riscv-none-embed/lib/rv32ec/ilp32e\libg_nano.a
LOAD c:/mounriver/mrs_community/toolchain/risc-v embedded gcc/bin/../lib/gcc/riscv-none-embed/8.2.0/../../../../riscv-none-embed/lib/rv32ec/ilp32e\libc_nano.a
LOAD c:/mounriver/mrs_community/toolchain/risc-v embedded gcc/bin/../lib/gcc/riscv-none-embed/8.2.0/rv32ec/ilp32e\libgcc.a
START GROUP
LOAD c:/mounriver/mrs_community/toolchain/risc-v embedded gcc/bin/../lib/gcc/riscv-none-embed/8.2.0/rv32ec/ilp32e\libgcc.a
LOAD c:/mounriver/mrs_community/toolchain/risc-v embedded gcc/bin/../lib/gcc/riscv-none-embed/8.2.0/../../../../riscv-none-embed/lib/rv32ec/ilp32e\libc_nano.a
LOAD c:/mounriver/mrs_community/toolchain/risc-v embedded gcc/bin/../lib/gcc/riscv-none-embed/8.2.0/../../../../riscv-none-embed/lib/rv32ec/ilp32e\libnosys.a
END GROUP
START GROUP
LOAD c:/mounriver/mrs_community/toolchain/risc-v embedded gcc/bin/../lib/gcc/riscv-none-embed/8.2.0/rv32ec/ilp32e\libgcc.a
LOAD c:/mounriver/mrs_community/toolchain/risc-v embedded gcc/bin/../lib/gcc/riscv-none-embed/8.2.0/../../../../riscv-none-embed/lib/rv32ec/ilp32e\libc_nano.a
LOAD c:/mounriver/mrs_community/toolchain/risc-v embedded gcc/bin/../lib/gcc/riscv-none-embed/8.2.0/../../../../riscv-none-embed/lib/rv32ec/ilp32e\libnosys.a
END GROUP
                0x0000000000000100                __stack_size = 0x100
                [!provide]                        PROVIDE (_stack_size = __stack_size)

.init           0x0000000000000000       0xa0
                0x0000000000000000                _sinit = .
                0x0000000000000000                . = ALIGN (0x4)
 *(SORT_NONE(.init))
 .init          0x0000000000000000       0x9e ./Startup/startup_ch32v00x.o
                0x0000000000000000                _start
                0x00000000000000a0                . = ALIGN (0x4)
 *fill*         0x000000000000009e        0x2 
                0x00000000000000a0                _einit = .

.text           0x00000000000000a0     0x3670
                0x00000000000000a0                . = ALIGN (0x4)
 *(.text)
 .text          0x00000000000000a0       0x14 c:/mounriver/mrs_community/toolchain/risc-v embedded gcc/bin/../lib/gcc/riscv-none-embed/8.2.0/rv32ec/ilp32e\libgcc.a(save-restore.o)
                0x00000000000000a0                __riscv_save_1
                0x00000000000000a0                __riscv_save_2
                0x00000000000000a0                __riscv_save_0
                0x00000000000000aa                __riscv_restore_0
                0x00000000000000aa                __riscv_restore_1
                0x00000000000000aa                __riscv_restore_2
 .text          0x00000000000000b4       0x16 c:/mounriver/mrs_community/toolchain/risc-v embedded gcc/bin/../lib/gcc/riscv-none-embed/8.2.0/rv32ec/ilp32e\libgcc.a(muldi3.o)
                0x00000000000000b4                __mulsi3
 *fill*         0x00000000000000ca        0x2 
 .text          0x00000000000000cc       0x7e c:/mounriver/mrs_community/toolchain/risc-v embedded gcc/bin/../lib/gcc/riscv-none-embed/8.2.0/rv32ec/ilp32e\libgcc.a(div.o)
                0x00000000000000cc                __divsi3
                0x00000000000000d4                __udivsi3
                0x0000000000000100                __umodsi3
                0x0000000000000124                __modsi3
 .text          0x000000000000014a       0xa8 c:/mounriver/mrs_community/toolchain/risc-v embedded gcc/bin/../lib/gcc/riscv-none-embed/8.2.0/../../../../riscv-none-embed/lib/rv32ec/ilp32e\libg_nano.a(lib_a-memset.o)
                0x000000000000014a                memset
 *(.text.*)
 .text.SPI_set_prescaler
                0x00000000000001f2       0x2a ./User/hw_spi/hw_spi.o
                0x00000000000001f2                SPI_set_prescaler
 .text.SPI_init
                0x000000000000021c       0xac ./User/hw_spi/hw_spi.o
                0x000000000000021c                SPI_init
 .text.SPI_begin_8
                0x00000000000002c8       0x22 ./User/hw_spi/hw_spi.o
                0x00000000000002c8                SPI_begin_8
 .text.SPI_transfer_8
                0x00000000000002ea       0x2c ./User/hw_spi/hw_spi.o
                0x00000000000002ea                SPI_transfer_8
 .text.ld_dword
                0x0000000000000316       0x1e ./User/ff/ff.o
 .text.clst2sect
                0x0000000000000334       0x20 ./User/ff/ff.o
 .text.get_ldnumber
                0x0000000000000354       0x42 ./User/ff/ff.o
 .text.validate
                0x0000000000000396       0x46 ./User/ff/ff.o
 .text.ld_clust.isra.2
                0x00000000000003dc       0x26 ./User/ff/ff.o
 .text.sync_window
                0x0000000000000402       0x58 ./User/ff/ff.o
 .text.move_window
                0x000000000000045a       0x3a ./User/ff/ff.o
 .text.check_fs
                0x0000000000000494       0xe8 ./User/ff/ff.o
 .text.get_fat.isra.7
                0x000000000000057c       0xd2 ./User/ff/ff.o
 .text.mount_volume
                0x000000000000064e      0x302 ./User/ff/ff.o
 .text.dir_sdi.constprop.10
                0x0000000000000950       0x78 ./User/ff/ff.o
 .text.put_fat  0x00000000000009c8      0x162 ./User/ff/ff.o
 .text.create_chain
                0x0000000000000b2a       0xf8 ./User/ff/ff.o
 .text.dir_next
                0x0000000000000c22      0x120 ./User/ff/ff.o
 .text.f_mount  0x0000000000000d42       0x60 ./User/ff/ff.o
                0x0000000000000d42                f_mount
 .text.f_open   0x0000000000000da2      0x49a ./User/ff/ff.o
                0x0000000000000da2                f_open
 .text.f_write  0x000000000000123c      0x1bc ./User/ff/ff.o
                0x000000000000123c                f_write
 .text.f_sync   0x00000000000013f8      0x184 ./User/ff/ff.o
                0x00000000000013f8                f_sync
 .text.f_close  0x000000000000157c       0x20 ./User/ff/ff.o
                0x000000000000157c                f_close
 .text.rcvr_mmc
                0x000000000000159c       0x20 ./User/ff/sdmm.o
 .text.wait_ready
                0x00000000000015bc       0x36 ./User/ff/sdmm.o
 .text.sd_deselect
                0x00000000000015f2       0x1c ./User/ff/sdmm.o
 .text.sd_select
                0x000000000000160e       0x2a ./User/ff/sdmm.o
 .text.rcvr_datablock
                0x0000000000001638       0x4e ./User/ff/sdmm.o
 .text.xmit_mmc
                0x0000000000001686       0x1c ./User/ff/sdmm.o
 .text.send_cmd
                0x00000000000016a2       0xb0 ./User/ff/sdmm.o
 .text.xmit_datablock
                0x0000000000001752       0x48 ./User/ff/sdmm.o
 .text.disk_status
                0x000000000000179a       0x10 ./User/ff/sdmm.o
                0x000000000000179a                disk_status
 .text.disk_initialize
                0x00000000000017aa      0x106 ./User/ff/sdmm.o
                0x00000000000017aa                disk_initialize
 .text.disk_read
                0x00000000000018b0       0x6c ./User/ff/sdmm.o
                0x00000000000018b0                disk_read
 .text.disk_write
                0x000000000000191c       0x8a ./User/ff/sdmm.o
                0x000000000000191c                disk_write
 .text.disk_ioctl
                0x00000000000019a6       0xba ./User/ff/sdmm.o
                0x00000000000019a6                disk_ioctl
 .text.NMI_Handler
                0x0000000000001a60        0x4 ./User/ch32v00x_it.o
                0x0000000000001a60                NMI_Handler
 .text.HardFault_Handler
                0x0000000000001a64        0x2 ./User/ch32v00x_it.o
                0x0000000000001a64                HardFault_Handler
 .text.IIC_Init
                0x0000000000001a66       0x9e ./User/i2c_com.o
                0x0000000000001a66                IIC_Init
 .text.i2c_write_data
                0x0000000000001b04       0xd2 ./User/i2c_com.o
                0x0000000000001b04                i2c_write_data
 .text.i2c_read_data
                0x0000000000001bd6       0xb4 ./User/i2c_com.o
                0x0000000000001bd6                i2c_read_data
 .text.USARTx_CFG
                0x0000000000001c8a       0xb4 ./User/main.o
                0x0000000000001c8a                USARTx_CFG
 .text.USART_char
                0x0000000000001d3e       0x34 ./User/main.o
                0x0000000000001d3e                USART_char
 .text.USART_str
                0x0000000000001d72       0x16 ./User/main.o
                0x0000000000001d72                USART_str
 .text.USART_int
                0x0000000000001d88       0x92 ./User/main.o
                0x0000000000001d88                USART_int
 .text.conv_int2str
                0x0000000000001e1a       0xc2 ./User/main.o
                0x0000000000001e1a                conv_int2str
 .text.str_cat  0x0000000000001edc       0x20 ./User/main.o
                0x0000000000001edc                str_cat
 .text.str_len  0x0000000000001efc       0x14 ./User/main.o
                0x0000000000001efc                str_len
 .text.conv_strtoint
                0x0000000000001f10       0x44 ./User/main.o
                0x0000000000001f10                conv_strtoint
 .text.conv_rtc2str
                0x0000000000001f54       0x90 ./User/main.o
                0x0000000000001f54                conv_rtc2str
 .text.USART1_IRQHandler
                0x0000000000001fe4       0xb8 ./User/main.o
                0x0000000000001fe4                USART1_IRQHandler
 .text.processa_cmd
                0x000000000000209c      0x102 ./User/main.o
                0x000000000000209c                processa_cmd
 .text.ADC_Function_Init
                0x000000000000219e       0xf4 ./User/main.o
                0x000000000000219e                ADC_Function_Init
 .text.TIM2_INT_Init
                0x0000000000002292       0x60 ./User/main.o
                0x0000000000002292                TIM2_INT_Init
 .text.TIM2_IRQHandler
                0x00000000000022f2       0x5c ./User/main.o
                0x00000000000022f2                TIM2_IRQHandler
 .text.ADC1_IRQHandler
                0x000000000000234e       0x5e ./User/main.o
                0x000000000000234e                ADC1_IRQHandler
 .text.Init_GPIOLED
                0x00000000000023ac       0x3e ./User/main.o
                0x00000000000023ac                Init_GPIOLED
 .text.startup.main
                0x00000000000023ea      0x246 ./User/main.o
                0x00000000000023ea                main
 .text.RTC_Init
                0x0000000000002630       0x18 ./User/rtc_ds1307.o
                0x0000000000002630                RTC_Init
 .text.DS1307_decToBcd
                0x0000000000002648       0x22 ./User/rtc_ds1307.o
                0x0000000000002648                DS1307_decToBcd
 .text.DS1307_bcdToDec
                0x000000000000266a       0x16 ./User/rtc_ds1307.o
                0x000000000000266a                DS1307_bcdToDec
 .text.DS1307_startClock
                0x0000000000002680       0x4c ./User/rtc_ds1307.o
                0x0000000000002680                DS1307_startClock
 .text.DS1307_stopClock
                0x00000000000026cc       0x4c ./User/rtc_ds1307.o
                0x00000000000026cc                DS1307_stopClock
 .text.DS1307_getTime
                0x0000000000002718       0x8a ./User/rtc_ds1307.o
                0x0000000000002718                DS1307_getTime
 .text.DS1307_setTime
                0x00000000000027a2       0x76 ./User/rtc_ds1307.o
                0x00000000000027a2                DS1307_setTime
 .text.AHT20_Read
                0x0000000000002818      0x10c ./User/sensor_aht20.o
                0x0000000000002818                AHT20_Read
 .text.SystemInit
                0x0000000000002924      0x12a ./User/system_ch32v00x.o
                0x0000000000002924                SystemInit
 .text.SystemCoreClockUpdate
                0x0000000000002a4e       0x6e ./User/system_ch32v00x.o
                0x0000000000002a4e                SystemCoreClockUpdate
 .text.vector_handler
                0x0000000000002abc       0x36 ./Startup/startup_ch32v00x.o
                0x0000000000002ac0                SysTick_Handler
                0x0000000000002ac2                SW_Handler
                0x0000000000002ac4                WWDG_IRQHandler
                0x0000000000002ac6                PVD_IRQHandler
                0x0000000000002ac8                FLASH_IRQHandler
                0x0000000000002aca                RCC_IRQHandler
                0x0000000000002acc                EXTI7_0_IRQHandler
                0x0000000000002ace                AWU_IRQHandler
                0x0000000000002ad0                DMA1_Channel1_IRQHandler
                0x0000000000002ad2                DMA1_Channel2_IRQHandler
                0x0000000000002ad4                DMA1_Channel3_IRQHandler
                0x0000000000002ad6                DMA1_Channel4_IRQHandler
                0x0000000000002ad8                DMA1_Channel5_IRQHandler
                0x0000000000002ada                DMA1_Channel6_IRQHandler
                0x0000000000002adc                DMA1_Channel7_IRQHandler
                0x0000000000002ae0                I2C1_EV_IRQHandler
                0x0000000000002ae2                I2C1_ER_IRQHandler
                0x0000000000002ae6                SPI1_IRQHandler
                0x0000000000002ae8                TIM1_BRK_IRQHandler
                0x0000000000002aea                TIM1_UP_IRQHandler
                0x0000000000002aec                TIM1_TRG_COM_IRQHandler
                0x0000000000002aee                TIM1_CC_IRQHandler
 .text.handle_reset
                0x0000000000002af2       0x84 ./Startup/startup_ch32v00x.o
                0x0000000000002af2                handle_reset
 .text.ADC_DeInit
                0x0000000000002b76       0x26 ./Peripheral/src/ch32v00x_adc.o
                0x0000000000002b76                ADC_DeInit
 .text.ADC_Init
                0x0000000000002b9c       0x50 ./Peripheral/src/ch32v00x_adc.o
                0x0000000000002b9c                ADC_Init
 .text.ADC_Cmd  0x0000000000002bec       0x10 ./Peripheral/src/ch32v00x_adc.o
                0x0000000000002bec                ADC_Cmd
 .text.ADC_ITConfig
                0x0000000000002bfc       0x16 ./Peripheral/src/ch32v00x_adc.o
                0x0000000000002bfc                ADC_ITConfig
 .text.ADC_ResetCalibration
                0x0000000000002c12        0xa ./Peripheral/src/ch32v00x_adc.o
                0x0000000000002c12                ADC_ResetCalibration
 .text.ADC_GetResetCalibrationStatus
                0x0000000000002c1c        0x8 ./Peripheral/src/ch32v00x_adc.o
                0x0000000000002c1c                ADC_GetResetCalibrationStatus
 .text.ADC_StartCalibration
                0x0000000000002c24        0xa ./Peripheral/src/ch32v00x_adc.o
                0x0000000000002c24                ADC_StartCalibration
 .text.ADC_GetCalibrationStatus
                0x0000000000002c2e        0x8 ./Peripheral/src/ch32v00x_adc.o
                0x0000000000002c2e                ADC_GetCalibrationStatus
 .text.ADC_SoftwareStartConvCmd
                0x0000000000002c36       0x18 ./Peripheral/src/ch32v00x_adc.o
                0x0000000000002c36                ADC_SoftwareStartConvCmd
 .text.ADC_RegularChannelConfig
                0x0000000000002c4e       0xba ./Peripheral/src/ch32v00x_adc.o
                0x0000000000002c4e                ADC_RegularChannelConfig
 .text.ADC_GetConversionValue
                0x0000000000002d08        0x8 ./Peripheral/src/ch32v00x_adc.o
                0x0000000000002d08                ADC_GetConversionValue
 .text.ADC_AutoInjectedConvCmd
                0x0000000000002d10       0x12 ./Peripheral/src/ch32v00x_adc.o
                0x0000000000002d10                ADC_AutoInjectedConvCmd
 .text.ADC_GetFlagStatus
                0x0000000000002d22        0xa ./Peripheral/src/ch32v00x_adc.o
                0x0000000000002d22                ADC_GetFlagStatus
 .text.ADC_Calibration_Vol
                0x0000000000002d2c       0x14 ./Peripheral/src/ch32v00x_adc.o
                0x0000000000002d2c                ADC_Calibration_Vol
 .text.GPIO_Init
                0x0000000000002d40       0xd8 ./Peripheral/src/ch32v00x_gpio.o
                0x0000000000002d40                GPIO_Init
 .text.I2C_Init
                0x0000000000002e18      0x100 ./Peripheral/src/ch32v00x_i2c.o
                0x0000000000002e18                I2C_Init
 .text.I2C_Cmd  0x0000000000002f18       0x1c ./Peripheral/src/ch32v00x_i2c.o
                0x0000000000002f18                I2C_Cmd
 .text.I2C_GenerateSTART
                0x0000000000002f34       0x1e ./Peripheral/src/ch32v00x_i2c.o
                0x0000000000002f34                I2C_GenerateSTART
 .text.I2C_GenerateSTOP
                0x0000000000002f52       0x1e ./Peripheral/src/ch32v00x_i2c.o
                0x0000000000002f52                I2C_GenerateSTOP
 .text.I2C_AcknowledgeConfig
                0x0000000000002f70       0x1e ./Peripheral/src/ch32v00x_i2c.o
                0x0000000000002f70                I2C_AcknowledgeConfig
 .text.I2C_SendData
                0x0000000000002f8e        0x6 ./Peripheral/src/ch32v00x_i2c.o
                0x0000000000002f8e                I2C_SendData
 .text.I2C_ReceiveData
                0x0000000000002f94        0xa ./Peripheral/src/ch32v00x_i2c.o
                0x0000000000002f94                I2C_ReceiveData
 .text.I2C_Send7bitAddress
                0x0000000000002f9e       0x14 ./Peripheral/src/ch32v00x_i2c.o
                0x0000000000002f9e                I2C_Send7bitAddress
 .text.I2C_CheckEvent
                0x0000000000002fb2       0x1a ./Peripheral/src/ch32v00x_i2c.o
                0x0000000000002fb2                I2C_CheckEvent
 .text.I2C_GetFlagStatus
                0x0000000000002fcc       0x32 ./Peripheral/src/ch32v00x_i2c.o
                0x0000000000002fcc                I2C_GetFlagStatus
 .text.NVIC_PriorityGroupConfig
                0x0000000000002ffe        0x6 ./Peripheral/src/ch32v00x_misc.o
                0x0000000000002ffe                NVIC_PriorityGroupConfig
 .text.NVIC_Init
                0x0000000000003004       0xb8 ./Peripheral/src/ch32v00x_misc.o
                0x0000000000003004                NVIC_Init
 .text.RCC_ADCCLKConfig
                0x00000000000030bc       0x14 ./Peripheral/src/ch32v00x_rcc.o
                0x00000000000030bc                RCC_ADCCLKConfig
 .text.RCC_GetClocksFreq
                0x00000000000030d0       0xa0 ./Peripheral/src/ch32v00x_rcc.o
                0x00000000000030d0                RCC_GetClocksFreq
 .text.RCC_APB2PeriphClockCmd
                0x0000000000003170       0x1e ./Peripheral/src/ch32v00x_rcc.o
                0x0000000000003170                RCC_APB2PeriphClockCmd
 .text.RCC_APB1PeriphClockCmd
                0x000000000000318e       0x1e ./Peripheral/src/ch32v00x_rcc.o
                0x000000000000318e                RCC_APB1PeriphClockCmd
 .text.RCC_APB2PeriphResetCmd
                0x00000000000031ac       0x1e ./Peripheral/src/ch32v00x_rcc.o
                0x00000000000031ac                RCC_APB2PeriphResetCmd
 .text.TIM_TimeBaseInit
                0x00000000000031ca       0x64 ./Peripheral/src/ch32v00x_tim.o
                0x00000000000031ca                TIM_TimeBaseInit
 .text.TIM_Cmd  0x000000000000322e       0x1c ./Peripheral/src/ch32v00x_tim.o
                0x000000000000322e                TIM_Cmd
 .text.TIM_ITConfig
                0x000000000000324a       0x16 ./Peripheral/src/ch32v00x_tim.o
                0x000000000000324a                TIM_ITConfig
 .text.TIM_GetITStatus
                0x0000000000003260       0x1c ./Peripheral/src/ch32v00x_tim.o
                0x0000000000003260                TIM_GetITStatus
 .text.TIM_ClearITPendingBit
                0x000000000000327c        0xe ./Peripheral/src/ch32v00x_tim.o
                0x000000000000327c                TIM_ClearITPendingBit
 .text.USART_Init
                0x000000000000328a       0xea ./Peripheral/src/ch32v00x_usart.o
                0x000000000000328a                USART_Init
 .text.USART_Cmd
                0x0000000000003374       0x1c ./Peripheral/src/ch32v00x_usart.o
                0x0000000000003374                USART_Cmd
 .text.USART_ITConfig
                0x0000000000003390       0x36 ./Peripheral/src/ch32v00x_usart.o
                0x0000000000003390                USART_ITConfig
 .text.USART_SendData
                0x00000000000033c6        0xa ./Peripheral/src/ch32v00x_usart.o
                0x00000000000033c6                USART_SendData
 .text.USART_ReceiveData
                0x00000000000033d0        0xa ./Peripheral/src/ch32v00x_usart.o
                0x00000000000033d0                USART_ReceiveData
 .text.USART_GetFlagStatus
                0x00000000000033da        0xc ./Peripheral/src/ch32v00x_usart.o
                0x00000000000033da                USART_GetFlagStatus
 .text.USART_GetITStatus
                0x00000000000033e6       0x44 ./Peripheral/src/ch32v00x_usart.o
                0x00000000000033e6                USART_GetITStatus
 .text.Delay_Init
                0x000000000000342a       0x34 ./Debug/debug.o
                0x000000000000342a                Delay_Init
 .text.Delay_Us
                0x000000000000345e       0x3a ./Debug/debug.o
                0x000000000000345e                Delay_Us
 .text.Delay_Ms
                0x0000000000003498       0x3a ./Debug/debug.o
                0x0000000000003498                Delay_Ms
 .text.memcmp   0x00000000000034d2       0x26 c:/mounriver/mrs_community/toolchain/risc-v embedded gcc/bin/../lib/gcc/riscv-none-embed/8.2.0/../../../../riscv-none-embed/lib/rv32ec/ilp32e\libg_nano.a(lib_a-memcmp.o)
                0x00000000000034d2                memcmp
 .text.memcpy   0x00000000000034f8       0xd8 c:/mounriver/mrs_community/toolchain/risc-v embedded gcc/bin/../lib/gcc/riscv-none-embed/8.2.0/../../../../riscv-none-embed/lib/rv32ec/ilp32e\libg_nano.a(lib_a-memcpy.o)
                0x00000000000034f8                memcpy
 .text.strchr   0x00000000000035d0       0x1a c:/mounriver/mrs_community/toolchain/risc-v embedded gcc/bin/../lib/gcc/riscv-none-embed/8.2.0/../../../../riscv-none-embed/lib/rv32ec/ilp32e\libg_nano.a(lib_a-strchr.o)
                0x00000000000035d0                strchr
 *(.rodata)
 *(.rodata*)
 *fill*         0x00000000000035ea        0x2 
 .rodata.ExCvt  0x00000000000035ec       0x80 ./User/ff/ff.o
 .rodata.check_fs.str1.4
                0x000000000000366c        0x9 ./User/ff/ff.o
 *fill*         0x0000000000003675        0x3 
 .rodata.f_open.str1.4
                0x0000000000003678        0xf ./User/ff/ff.o
 *fill*         0x0000000000003687        0x1 
 .rodata.conv_rtc2str.str1.4
                0x0000000000003688        0x6 ./User/main.o
                                          0xa (size before relaxing)
 *fill*         0x000000000000368e        0x2 
 .rodata.main.str1.4
                0x0000000000003690       0x63 ./User/main.o
                                         0x67 (size before relaxing)
 *fill*         0x00000000000036f3        0x1 
 .rodata.processa_cmd.str1.4
                0x00000000000036f4       0x1c ./User/main.o
                                         0x1f (size before relaxing)
 *(.gnu.linkonce.t.*)
                0x0000000000003710                . = ALIGN (0x4)

.rela.dyn       0x0000000000003710        0x0
 .rela.init     0x0000000000003710        0x0 ./User/hw_spi/hw_spi.o
 .rela.text.handle_reset
                0x0000000000003710        0x0 ./User/hw_spi/hw_spi.o

.fini           0x0000000000003710        0x0
 *(SORT_NONE(.fini))
                0x0000000000003710                . = ALIGN (0x4)
                [!provide]                        PROVIDE (_etext = .)
                [!provide]                        PROVIDE (_eitcm = .)

.preinit_array  0x0000000000003710        0x0
                [!provide]                        PROVIDE (__preinit_array_start = .)
 *(.preinit_array)
                [!provide]                        PROVIDE (__preinit_array_end = .)

.init_array     0x0000000000003710        0x0
                [!provide]                        PROVIDE (__init_array_start = .)
 *(SORT_BY_INIT_PRIORITY(.init_array.*) SORT_BY_INIT_PRIORITY(.ctors.*))
 *(.init_array EXCLUDE_FILE(*crtend?.o *crtend.o *crtbegin?.o *crtbegin.o) .ctors)
                [!provide]                        PROVIDE (__init_array_end = .)

.fini_array     0x0000000000003710        0x0
                [!provide]                        PROVIDE (__fini_array_start = .)
 *(SORT_BY_INIT_PRIORITY(.fini_array.*) SORT_BY_INIT_PRIORITY(.dtors.*))
 *(.fini_array EXCLUDE_FILE(*crtend?.o *crtend.o *crtbegin?.o *crtbegin.o) .dtors)
                [!provide]                        PROVIDE (__fini_array_end = .)

.ctors
 *crtbegin.o(.ctors)
 *crtbegin?.o(.ctors)
 *(EXCLUDE_FILE(*crtend?.o *crtend.o) .ctors)
 *(SORT_BY_NAME(.ctors.*))
 *(.ctors)

.dtors
 *crtbegin.o(.dtors)
 *crtbegin?.o(.dtors)
 *(EXCLUDE_FILE(*crtend?.o *crtend.o) .dtors)
 *(SORT_BY_NAME(.dtors.*))
 *(.dtors)

.dalign         0x0000000020000000        0x0 load address 0x0000000000003710
                0x0000000020000000                . = ALIGN (0x4)
                0x0000000020000000                PROVIDE (_data_vma = .)

.dlalign        0x0000000000003710        0x0
                0x0000000000003710                . = ALIGN (0x4)
                0x0000000000003710                PROVIDE (_data_lma = .)

.data           0x0000000020000000       0x40 load address 0x0000000000003710
                0x0000000020000000                . = ALIGN (0x4)
 *(.gnu.linkonce.r.*)
 *(.data .data.*)
 .data.Stat     0x0000000020000000        0x1 ./User/ff/sdmm.o
 *fill*         0x0000000020000001        0x3 
 .data.AHBPrescTable
                0x0000000020000004       0x10 ./User/system_ch32v00x.o
                0x0000000020000004                AHBPrescTable
 .data.SystemCoreClock
                0x0000000020000014        0x4 ./User/system_ch32v00x.o
                0x0000000020000014                SystemCoreClock
 .data.ADCPrescTable
                0x0000000020000018       0x14 ./Peripheral/src/ch32v00x_rcc.o
 .data.APBAHBPrescTable
                0x000000002000002c       0x10 ./Peripheral/src/ch32v00x_rcc.o
 *(.gnu.linkonce.d.*)
                0x0000000020000040                . = ALIGN (0x8)
 *fill*         0x000000002000003c        0x4 
                0x0000000020000840                PROVIDE (__global_pointer$ = (. + 0x800))
 *(.sdata .sdata.*)
 *(.sdata2*)
 *(.gnu.linkonce.s.*)
                0x0000000020000040                . = ALIGN (0x8)
 *(.srodata.cst16)
 *(.srodata.cst8)
 *(.srodata.cst4)
 *(.srodata.cst2)
 *(.srodata .srodata.*)
                0x0000000020000040                . = ALIGN (0x4)
                0x0000000020000040                PROVIDE (_edata = .)

.bss            0x0000000020000040      0x2e4 load address 0x0000000000003750
                0x0000000020000040                . = ALIGN (0x4)
                0x0000000020000040                PROVIDE (_sbss = .)
 *(.sbss*)
 *(.gnu.linkonce.sb.*)
 *(.bss*)
 .bss.FatFs     0x0000000020000040        0x4 ./User/ff/ff.o
 .bss.Fsid      0x0000000020000044        0x2 ./User/ff/ff.o
 .bss.CardType  0x0000000020000046        0x1 ./User/ff/sdmm.o
 *fill*         0x0000000020000047        0x1 
 .bss.FatFs     0x0000000020000048      0x230 ./User/main.o
                0x0000000020000048                FatFs
 .bss.Fil       0x0000000020000278       0x28 ./User/main.o
                0x0000000020000278                Fil
 .bss.adc_value
                0x00000000200002a0        0x2 ./User/main.o
                0x00000000200002a0                adc_value
 *fill*         0x00000000200002a2        0x2 
 .bss.buff_msg  0x00000000200002a4       0x40 ./User/main.o
                0x00000000200002a4                buff_msg
 .bss.buff_serial_idx
                0x00000000200002e4        0x1 ./User/main.o
                0x00000000200002e4                buff_serial_idx
 *fill*         0x00000000200002e5        0x3 
 .bss.buff_serial_in
                0x00000000200002e8       0x20 ./User/main.o
                0x00000000200002e8                buff_serial_in
 .bss.count_adc
                0x0000000020000308        0x2 ./User/main.o
                0x0000000020000308                count_adc
 *fill*         0x000000002000030a        0x2 
 .bss.flag_adc  0x000000002000030c        0x4 ./User/main.o
                0x000000002000030c                flag_adc
 .bss.flag_cmd  0x0000000020000310        0x2 ./User/main.o
                0x0000000020000310                flag_cmd
 *fill*         0x0000000020000312        0x2 
 .bss.time_rtc  0x0000000020000314        0x8 ./User/rtc_ds1307.o
                0x0000000020000314                time_rtc
 .bss.NVIC_Priority_Group
                0x000000002000031c        0x4 ./Peripheral/src/ch32v00x_misc.o
                0x000000002000031c                NVIC_Priority_Group
 .bss.p_ms      0x0000000020000320        0x2 ./Debug/debug.o
 .bss.p_us      0x0000000020000322        0x1 ./Debug/debug.o
 *(.gnu.linkonce.b.*)
 *(COMMON*)
                0x0000000020000324                . = ALIGN (0x4)
 *fill*         0x0000000020000323        0x1 
                0x0000000020000324                PROVIDE (_ebss = .)
                0x0000000020000324                PROVIDE (_end = _ebss)
                [!provide]                        PROVIDE (end = .)

.stack          0x0000000020000700      0x100
                0x0000000020000700                PROVIDE (_heap_end = .)
                0x0000000020000700                . = ALIGN (0x4)
                [!provide]                        PROVIDE (_susrstack = .)
                0x0000000020000800                . = (. + __stack_size)
 *fill*         0x0000000020000700      0x100 
                0x0000000020000800                PROVIDE (_eusrstack = .)
OUTPUT(sd_card_fatfs_r1.elf elf32-littleriscv)

.debug_info     0x0000000000000000    0x159d8
 .debug_info    0x0000000000000000      0xce3 ./User/hw_spi/hw_spi.o
 .debug_info    0x0000000000000ce3     0x2e9f ./User/ff/ff.o
 .debug_info    0x0000000000003b82     0x140a ./User/ff/sdmm.o
 .debug_info    0x0000000000004f8c      0x962 ./User/ch32v00x_it.o
 .debug_info    0x00000000000058ee     0x1044 ./User/i2c_com.o
 .debug_info    0x0000000000006932     0x2770 ./User/main.o
 .debug_info    0x00000000000090a2      0xdbb ./User/rtc_ds1307.o
 .debug_info    0x0000000000009e5d      0xb2d ./User/sensor_aht20.o
 .debug_info    0x000000000000a98a      0xc71 ./User/system_ch32v00x.o
 .debug_info    0x000000000000b5fb       0x22 ./Startup/startup_ch32v00x.o
 .debug_info    0x000000000000b61d     0x1526 ./Peripheral/src/ch32v00x_adc.o
 .debug_info    0x000000000000cb43     0x103a ./Peripheral/src/ch32v00x_gpio.o
 .debug_info    0x000000000000db7d     0x1417 ./Peripheral/src/ch32v00x_i2c.o
 .debug_info    0x000000000000ef94      0xdda ./Peripheral/src/ch32v00x_misc.o
 .debug_info    0x000000000000fd6e     0x1063 ./Peripheral/src/ch32v00x_rcc.o
 .debug_info    0x0000000000010dd1     0x297f ./Peripheral/src/ch32v00x_tim.o
 .debug_info    0x0000000000013750     0x1351 ./Peripheral/src/ch32v00x_usart.o
 .debug_info    0x0000000000014aa1      0xf37 ./Debug/debug.o

.debug_abbrev   0x0000000000000000     0x35d4
 .debug_abbrev  0x0000000000000000      0x2ea ./User/hw_spi/hw_spi.o
 .debug_abbrev  0x00000000000002ea      0x458 ./User/ff/ff.o
 .debug_abbrev  0x0000000000000742      0x3cc ./User/ff/sdmm.o
 .debug_abbrev  0x0000000000000b0e      0x1cf ./User/ch32v00x_it.o
 .debug_abbrev  0x0000000000000cdd      0x29a ./User/i2c_com.o
 .debug_abbrev  0x0000000000000f77      0x457 ./User/main.o
 .debug_abbrev  0x00000000000013ce      0x2a2 ./User/rtc_ds1307.o
 .debug_abbrev  0x0000000000001670      0x24a ./User/sensor_aht20.o
 .debug_abbrev  0x00000000000018ba      0x2af ./User/system_ch32v00x.o
 .debug_abbrev  0x0000000000001b69       0x12 ./Startup/startup_ch32v00x.o
 .debug_abbrev  0x0000000000001b7b      0x307 ./Peripheral/src/ch32v00x_adc.o
 .debug_abbrev  0x0000000000001e82      0x309 ./Peripheral/src/ch32v00x_gpio.o
 .debug_abbrev  0x000000000000218b      0x3a7 ./Peripheral/src/ch32v00x_i2c.o
 .debug_abbrev  0x0000000000002532      0x2fb ./Peripheral/src/ch32v00x_misc.o
 .debug_abbrev  0x000000000000282d      0x36d ./Peripheral/src/ch32v00x_rcc.o
 .debug_abbrev  0x0000000000002b9a      0x408 ./Peripheral/src/ch32v00x_tim.o
 .debug_abbrev  0x0000000000002fa2      0x323 ./Peripheral/src/ch32v00x_usart.o
 .debug_abbrev  0x00000000000032c5      0x30f ./Debug/debug.o

.debug_loc      0x0000000000000000     0x7a42
 .debug_loc     0x0000000000000000       0x55 ./User/hw_spi/hw_spi.o
 .debug_loc     0x0000000000000055     0x29fb ./User/ff/ff.o
 .debug_loc     0x0000000000002a50      0x761 ./User/ff/sdmm.o
 .debug_loc     0x00000000000031b1      0x12d ./User/i2c_com.o
 .debug_loc     0x00000000000032de      0x5e8 ./User/main.o
 .debug_loc     0x00000000000038c6       0x63 ./User/rtc_ds1307.o
 .debug_loc     0x0000000000003929       0x67 ./User/sensor_aht20.o
 .debug_loc     0x0000000000003990       0x55 ./User/system_ch32v00x.o
 .debug_loc     0x00000000000039e5      0x9fa ./Peripheral/src/ch32v00x_adc.o
 .debug_loc     0x00000000000043df      0x6cf ./Peripheral/src/ch32v00x_gpio.o
 .debug_loc     0x0000000000004aae      0x720 ./Peripheral/src/ch32v00x_i2c.o
 .debug_loc     0x00000000000051ce       0xce ./Peripheral/src/ch32v00x_misc.o
 .debug_loc     0x000000000000529c      0x59f ./Peripheral/src/ch32v00x_rcc.o
 .debug_loc     0x000000000000583b     0x1936 ./Peripheral/src/ch32v00x_tim.o
 .debug_loc     0x0000000000007171      0x735 ./Peripheral/src/ch32v00x_usart.o
 .debug_loc     0x00000000000078a6      0x19c ./Debug/debug.o

.debug_aranges  0x0000000000000000      0xb70
 .debug_aranges
                0x0000000000000000       0x40 ./User/hw_spi/hw_spi.o
 .debug_aranges
                0x0000000000000040       0xc0 ./User/ff/ff.o
 .debug_aranges
                0x0000000000000100       0x80 ./User/ff/sdmm.o
 .debug_aranges
                0x0000000000000180       0x28 ./User/ch32v00x_it.o
 .debug_aranges
                0x00000000000001a8       0x30 ./User/i2c_com.o
 .debug_aranges
                0x00000000000001d8       0xb0 ./User/main.o
 .debug_aranges
                0x0000000000000288       0x68 ./User/rtc_ds1307.o
 .debug_aranges
                0x00000000000002f0       0x20 ./User/sensor_aht20.o
 .debug_aranges
                0x0000000000000310       0x28 ./User/system_ch32v00x.o
 .debug_aranges
                0x0000000000000338       0x30 ./Startup/startup_ch32v00x.o
 .debug_aranges
                0x0000000000000368      0x138 ./Peripheral/src/ch32v00x_adc.o
 .debug_aranges
                0x00000000000004a0       0x98 ./Peripheral/src/ch32v00x_gpio.o
 .debug_aranges
                0x0000000000000538      0x108 ./Peripheral/src/ch32v00x_i2c.o
 .debug_aranges
                0x0000000000000640       0x28 ./Peripheral/src/ch32v00x_misc.o
 .debug_aranges
                0x0000000000000668       0xe0 ./Peripheral/src/ch32v00x_rcc.o
 .debug_aranges
                0x0000000000000748      0x2d8 ./Peripheral/src/ch32v00x_tim.o
 .debug_aranges
                0x0000000000000a20      0x100 ./Peripheral/src/ch32v00x_usart.o
 .debug_aranges
                0x0000000000000b20       0x50 ./Debug/debug.o

.debug_ranges   0x0000000000000000      0xe58
 .debug_ranges  0x0000000000000000       0x50 ./User/hw_spi/hw_spi.o
 .debug_ranges  0x0000000000000050      0x3b0 ./User/ff/ff.o
 .debug_ranges  0x0000000000000400       0x70 ./User/ff/sdmm.o
 .debug_ranges  0x0000000000000470       0x18 ./User/ch32v00x_it.o
 .debug_ranges  0x0000000000000488       0x20 ./User/i2c_com.o
 .debug_ranges  0x00000000000004a8       0xf0 ./User/main.o
 .debug_ranges  0x0000000000000598       0x58 ./User/rtc_ds1307.o
 .debug_ranges  0x00000000000005f0       0x10 ./User/sensor_aht20.o
 .debug_ranges  0x0000000000000600       0x48 ./User/system_ch32v00x.o
 .debug_ranges  0x0000000000000648       0x28 ./Startup/startup_ch32v00x.o
 .debug_ranges  0x0000000000000670      0x128 ./Peripheral/src/ch32v00x_adc.o
 .debug_ranges  0x0000000000000798       0x88 ./Peripheral/src/ch32v00x_gpio.o
 .debug_ranges  0x0000000000000820       0xf8 ./Peripheral/src/ch32v00x_i2c.o
 .debug_ranges  0x0000000000000918       0x48 ./Peripheral/src/ch32v00x_misc.o
 .debug_ranges  0x0000000000000960       0xd0 ./Peripheral/src/ch32v00x_rcc.o
 .debug_ranges  0x0000000000000a30      0x2f8 ./Peripheral/src/ch32v00x_tim.o
 .debug_ranges  0x0000000000000d28       0xf0 ./Peripheral/src/ch32v00x_usart.o
 .debug_ranges  0x0000000000000e18       0x40 ./Debug/debug.o

.debug_line     0x0000000000000000    0x11d6c
 .debug_line    0x0000000000000000      0x552 ./User/hw_spi/hw_spi.o
 .debug_line    0x0000000000000552     0x4ab2 ./User/ff/ff.o
 .debug_line    0x0000000000005004     0x100b ./User/ff/sdmm.o
 .debug_line    0x000000000000600f      0x217 ./User/ch32v00x_it.o
 .debug_line    0x0000000000006226      0x715 ./User/i2c_com.o
 .debug_line    0x000000000000693b     0x1763 ./User/main.o
 .debug_line    0x000000000000809e      0x6d0 ./User/rtc_ds1307.o
 .debug_line    0x000000000000876e      0x430 ./User/sensor_aht20.o
 .debug_line    0x0000000000008b9e      0x678 ./User/system_ch32v00x.o
 .debug_line    0x0000000000009216      0x1ae ./Startup/startup_ch32v00x.o
 .debug_line    0x00000000000093c4     0x1416 ./Peripheral/src/ch32v00x_adc.o
 .debug_line    0x000000000000a7da      0xcf5 ./Peripheral/src/ch32v00x_gpio.o
 .debug_line    0x000000000000b4cf     0x1058 ./Peripheral/src/ch32v00x_i2c.o
 .debug_line    0x000000000000c527      0x4a5 ./Peripheral/src/ch32v00x_misc.o
 .debug_line    0x000000000000c9cc      0xd40 ./Peripheral/src/ch32v00x_rcc.o
 .debug_line    0x000000000000d70c     0x3033 ./Peripheral/src/ch32v00x_tim.o
 .debug_line    0x000000000001073f      0xee2 ./Peripheral/src/ch32v00x_usart.o
 .debug_line    0x0000000000011621      0x74b ./Debug/debug.o

.debug_str      0x0000000000000000     0x32a1
 .debug_str     0x0000000000000000      0x6ee ./User/hw_spi/hw_spi.o
                                        0x79b (size before relaxing)
 .debug_str     0x00000000000006ee      0x49c ./User/ff/ff.o
                                        0xa60 (size before relaxing)
 .debug_str     0x0000000000000b8a       0x9d ./User/ff/sdmm.o
                                        0x713 (size before relaxing)
 .debug_str     0x0000000000000c27       0x34 ./User/ch32v00x_it.o
                                        0x5a7 (size before relaxing)
 .debug_str     0x0000000000000c5b      0x2bb ./User/i2c_com.o
                                        0x91c (size before relaxing)
 .debug_str     0x0000000000000f16      0x913 ./User/main.o
                                       0x1371 (size before relaxing)
 .debug_str     0x0000000000001829       0x94 ./User/rtc_ds1307.o
                                        0x6ee (size before relaxing)
 .debug_str     0x00000000000018bd       0x22 ./User/sensor_aht20.o
                                        0x5ea (size before relaxing)
 .debug_str     0x00000000000018df       0xb8 ./User/system_ch32v00x.o
                                        0x721 (size before relaxing)
 .debug_str     0x0000000000001997       0x2a ./Startup/startup_ch32v00x.o
                                         0x57 (size before relaxing)
 .debug_str     0x00000000000019c1      0x380 ./Peripheral/src/ch32v00x_adc.o
                                        0xb7b (size before relaxing)
 .debug_str     0x0000000000001d41      0x1c5 ./Peripheral/src/ch32v00x_gpio.o
                                        0x93a (size before relaxing)
 .debug_str     0x0000000000001f06      0x2f8 ./Peripheral/src/ch32v00x_i2c.o
                                        0xaa3 (size before relaxing)
 .debug_str     0x00000000000021fe       0xe1 ./Peripheral/src/ch32v00x_misc.o
                                        0x903 (size before relaxing)
 .debug_str     0x00000000000022df      0x217 ./Peripheral/src/ch32v00x_rcc.o
                                        0x9a2 (size before relaxing)
 .debug_str     0x00000000000024f6      0xa0f ./Peripheral/src/ch32v00x_tim.o
                                       0x125c (size before relaxing)
 .debug_str     0x0000000000002f05      0x317 ./Peripheral/src/ch32v00x_usart.o
                                        0xaf1 (size before relaxing)
 .debug_str     0x000000000000321c       0x85 ./Debug/debug.o
                                        0x8f8 (size before relaxing)

.comment        0x0000000000000000       0x33
 .comment       0x0000000000000000       0x33 ./User/hw_spi/hw_spi.o
                                         0x34 (size before relaxing)
 .comment       0x0000000000000033       0x34 ./User/ff/ff.o
 .comment       0x0000000000000033       0x34 ./User/ff/sdmm.o
 .comment       0x0000000000000033       0x34 ./User/ch32v00x_it.o
 .comment       0x0000000000000033       0x34 ./User/i2c_com.o
 .comment       0x0000000000000033       0x34 ./User/main.o
 .comment       0x0000000000000033       0x34 ./User/rtc_ds1307.o
 .comment       0x0000000000000033       0x34 ./User/sensor_aht20.o
 .comment       0x0000000000000033       0x34 ./User/system_ch32v00x.o
 .comment       0x0000000000000033       0x34 ./Peripheral/src/ch32v00x_adc.o
 .comment       0x0000000000000033       0x34 ./Peripheral/src/ch32v00x_gpio.o
 .comment       0x0000000000000033       0x34 ./Peripheral/src/ch32v00x_i2c.o
 .comment       0x0000000000000033       0x34 ./Peripheral/src/ch32v00x_misc.o
 .comment       0x0000000000000033       0x34 ./Peripheral/src/ch32v00x_rcc.o
 .comment       0x0000000000000033       0x34 ./Peripheral/src/ch32v00x_tim.o
 .comment       0x0000000000000033       0x34 ./Peripheral/src/ch32v00x_usart.o
 .comment       0x0000000000000033       0x34 ./Debug/debug.o

.debug_frame    0x0000000000000000     0x1bfc
 .debug_frame   0x0000000000000000       0x70 ./User/hw_spi/hw_spi.o
 .debug_frame   0x0000000000000070      0x2fc ./User/ff/ff.o
 .debug_frame   0x000000000000036c      0x1f4 ./User/ff/sdmm.o
 .debug_frame   0x0000000000000560       0x30 ./User/ch32v00x_it.o
 .debug_frame   0x0000000000000590       0x88 ./User/i2c_com.o
 .debug_frame   0x0000000000000618      0x2c8 ./User/main.o
 .debug_frame   0x00000000000008e0      0x114 ./User/rtc_ds1307.o
 .debug_frame   0x00000000000009f4       0x38 ./User/sensor_aht20.o
 .debug_frame   0x0000000000000a2c       0x4c ./User/system_ch32v00x.o
 .debug_frame   0x0000000000000a78      0x26c ./Peripheral/src/ch32v00x_adc.o
 .debug_frame   0x0000000000000ce4      0x150 ./Peripheral/src/ch32v00x_gpio.o
 .debug_frame   0x0000000000000e34      0x254 ./Peripheral/src/ch32v00x_i2c.o
 .debug_frame   0x0000000000001088       0x30 ./Peripheral/src/ch32v00x_misc.o
 .debug_frame   0x00000000000010b8      0x1c0 ./Peripheral/src/ch32v00x_rcc.o
 .debug_frame   0x0000000000001278      0x624 ./Peripheral/src/ch32v00x_tim.o
 .debug_frame   0x000000000000189c      0x204 ./Peripheral/src/ch32v00x_usart.o
 .debug_frame   0x0000000000001aa0       0xe4 ./Debug/debug.o
 .debug_frame   0x0000000000001b84       0x20 c:/mounriver/mrs_community/toolchain/risc-v embedded gcc/bin/../lib/gcc/riscv-none-embed/8.2.0/../../../../riscv-none-embed/lib/rv32ec/ilp32e\libg_nano.a(lib_a-memcmp.o)
 .debug_frame   0x0000000000001ba4       0x38 c:/mounriver/mrs_community/toolchain/risc-v embedded gcc/bin/../lib/gcc/riscv-none-embed/8.2.0/../../../../riscv-none-embed/lib/rv32ec/ilp32e\libg_nano.a(lib_a-memcpy.o)
 .debug_frame   0x0000000000001bdc       0x20 c:/mounriver/mrs_community/toolchain/risc-v embedded gcc/bin/../lib/gcc/riscv-none-embed/8.2.0/../../../../riscv-none-embed/lib/rv32ec/ilp32e\libg_nano.a(lib_a-strchr.o)
